<!doctype html public "-//w3c//dtd html 4.0 transitional//en">
<html><head>
<title>Static Call Graph - [.\HT32\53a367a\Obj\HT32.axf]</title></head>
<body><HR>
<H1>Static Call Graph for image .\HT32\53a367a\Obj\HT32.axf</H1><HR>
<BR><P>#&#060CALLGRAPH&#062# ARM Linker, 6230001: Last Updated: Tue Jul 22 05:00:14 2025
<BR><P>
<H3>Maximum Stack Usage =        124 bytes + Unknown(Cycles, Untraceable Function Pointers)</H3><H3>
Call chain for Maximum Stack Depth:</H3>
main &rArr; RETARGET_Configuration &rArr; HT32F_DVB_COMInit &rArr; AFIO_GPxConfig
<P>
<H3>
Mutually Recursive functions
</H3> <LI><a href="#[e]">ADC_IRQHandler</a>&nbsp;&nbsp;&nbsp;&rArr;&nbsp;&nbsp;&nbsp;<a href="#[e]">ADC_IRQHandler</a><BR>
</UL>
<P>
<H3>
Function Pointers
</H3><UL>
 <LI><a href="#[e]">ADC_IRQHandler</a> from startup_ht32f5xxxx_03.o(RESET) referenced from startup_ht32f5xxxx_03.o(RESET)
 <LI><a href="#[f]">AES_IRQHandler</a> from startup_ht32f5xxxx_03.o(RESET) referenced from startup_ht32f5xxxx_03.o(RESET)
 <LI><a href="#[17]">BFTM0_IRQHandler</a> from startup_ht32f5xxxx_03.o(RESET) referenced from startup_ht32f5xxxx_03.o(RESET)
 <LI><a href="#[18]">BFTM1_IRQHandler</a> from startup_ht32f5xxxx_03.o(RESET) referenced from startup_ht32f5xxxx_03.o(RESET)
 <LI><a href="#[26]">BootProcess</a> from startup_ht32f5xxxx_03.o(RESET) referenced from startup_ht32f5xxxx_03.o(RESET)
 <LI><a href="#[d]">COMP_DAC_IRQHandler</a> from startup_ht32f5xxxx_03.o(RESET) referenced from startup_ht32f5xxxx_03.o(RESET)
 <LI><a href="#[9]">EVWUP_IRQHandler</a> from startup_ht32f5xxxx_03.o(RESET) referenced from startup_ht32f5xxxx_03.o(RESET)
 <LI><a href="#[a]">EXTI0_1_IRQHandler</a> from startup_ht32f5xxxx_03.o(RESET) referenced from startup_ht32f5xxxx_03.o(RESET)
 <LI><a href="#[b]">EXTI2_3_IRQHandler</a> from startup_ht32f5xxxx_03.o(RESET) referenced from startup_ht32f5xxxx_03.o(RESET)
 <LI><a href="#[c]">EXTI4_15_IRQHandler</a> from startup_ht32f5xxxx_03.o(RESET) referenced from startup_ht32f5xxxx_03.o(RESET)
 <LI><a href="#[8]">FLASH_IRQHandler</a> from startup_ht32f5xxxx_03.o(RESET) referenced from startup_ht32f5xxxx_03.o(RESET)
 <LI><a href="#[12]">GPTM0_IRQHandler</a> from startup_ht32f5xxxx_03.o(RESET) referenced from startup_ht32f5xxxx_03.o(RESET)
 <LI><a href="#[2]">HardFault_Handler</a> from ht32f5xxxx_01_it.o(.text.HardFault_Handler) referenced from startup_ht32f5xxxx_03.o(RESET)
 <LI><a href="#[19]">I2C0_IRQHandler</a> from startup_ht32f5xxxx_03.o(RESET) referenced from startup_ht32f5xxxx_03.o(RESET)
 <LI><a href="#[1a]">I2C1_IRQHandler</a> from startup_ht32f5xxxx_03.o(RESET) referenced from startup_ht32f5xxxx_03.o(RESET)
 <LI><a href="#[22]">I2S_IRQHandler</a> from startup_ht32f5xxxx_03.o(RESET) referenced from startup_ht32f5xxxx_03.o(RESET)
 <LI><a href="#[6]">LVD_BOD_IRQHandler</a> from startup_ht32f5xxxx_03.o(RESET) referenced from startup_ht32f5xxxx_03.o(RESET)
 <LI><a href="#[10]">MCTM0_IRQHandler</a> from startup_ht32f5xxxx_03.o(RESET) referenced from startup_ht32f5xxxx_03.o(RESET)
 <LI><a href="#[1]">NMI_Handler</a> from ht32f5xxxx_01_it.o(.text.NMI_Handler) referenced from startup_ht32f5xxxx_03.o(RESET)
 <LI><a href="#[24]">PDMA_CH0_1_IRQHandler</a> from startup_ht32f5xxxx_03.o(RESET) referenced from startup_ht32f5xxxx_03.o(RESET)
 <LI><a href="#[25]">PDMA_CH2_5_IRQHandler</a> from startup_ht32f5xxxx_03.o(RESET) referenced from startup_ht32f5xxxx_03.o(RESET)
 <LI><a href="#[15]">PWM0_IRQHandler</a> from startup_ht32f5xxxx_03.o(RESET) referenced from startup_ht32f5xxxx_03.o(RESET)
 <LI><a href="#[16]">PWM1_IRQHandler</a> from startup_ht32f5xxxx_03.o(RESET) referenced from startup_ht32f5xxxx_03.o(RESET)
 <LI><a href="#[4]">PendSV_Handler</a> from ht32f5xxxx_01_it.o(.text.PendSV_Handler) referenced from startup_ht32f5xxxx_03.o(RESET)
 <LI><a href="#[11]">QSPI_IRQHandler</a> from startup_ht32f5xxxx_03.o(RESET) referenced from startup_ht32f5xxxx_03.o(RESET)
 <LI><a href="#[7]">RTC_IRQHandler</a> from ht32f5xxxx_01_it.o(.text.RTC_IRQHandler) referenced from startup_ht32f5xxxx_03.o(RESET)
 <LI><a href="#[0]">Reset_Handler</a> from startup_ht32f5xxxx_03.o(RESET) referenced from startup_ht32f5xxxx_03.o(RESET)
 <LI><a href="#[21]">SCI_IRQHandler</a> from startup_ht32f5xxxx_03.o(RESET) referenced from startup_ht32f5xxxx_03.o(RESET)
 <LI><a href="#[13]">SCTM0_IRQHandler</a> from startup_ht32f5xxxx_03.o(RESET) referenced from startup_ht32f5xxxx_03.o(RESET)
 <LI><a href="#[14]">SCTM1_IRQHandler</a> from startup_ht32f5xxxx_03.o(RESET) referenced from startup_ht32f5xxxx_03.o(RESET)
 <LI><a href="#[1b]">SPI0_IRQHandler</a> from startup_ht32f5xxxx_03.o(RESET) referenced from startup_ht32f5xxxx_03.o(RESET)
 <LI><a href="#[1c]">SPI1_IRQHandler</a> from startup_ht32f5xxxx_03.o(RESET) referenced from startup_ht32f5xxxx_03.o(RESET)
 <LI><a href="#[3]">SVC_Handler</a> from ht32f5xxxx_01_it.o(.text.SVC_Handler) referenced from startup_ht32f5xxxx_03.o(RESET)
 <LI><a href="#[5]">SysTick_Handler</a> from ht32f5xxxx_01_it.o(.text.SysTick_Handler) referenced from startup_ht32f5xxxx_03.o(RESET)
 <LI><a href="#[27]">SystemInit</a> from system_ht32f5xxxx_03.o(.text.SystemInit) referenced from startup_ht32f5xxxx_03.o(RESET)
 <LI><a href="#[1f]">UART0_UART2_IRQHandler</a> from startup_ht32f5xxxx_03.o(RESET) referenced from startup_ht32f5xxxx_03.o(RESET)
 <LI><a href="#[20]">UART1_UART3_IRQHandler</a> from startup_ht32f5xxxx_03.o(RESET) referenced from startup_ht32f5xxxx_03.o(RESET)
 <LI><a href="#[1d]">USART0_IRQHandler</a> from startup_ht32f5xxxx_03.o(RESET) referenced from startup_ht32f5xxxx_03.o(RESET)
 <LI><a href="#[1e]">USART1_IRQHandler</a> from startup_ht32f5xxxx_03.o(RESET) referenced from startup_ht32f5xxxx_03.o(RESET)
 <LI><a href="#[23]">USB_IRQHandler</a> from startup_ht32f5xxxx_03.o(RESET) referenced from startup_ht32f5xxxx_03.o(RESET)
 <LI><a href="#[28]">__main</a> from entry.o(.ARM.Collect$$$$00000000) referenced from startup_ht32f5xxxx_03.o(RESET)
 <LI><a href="#[2a]">fputc</a> from ht32_retarget.o(.text.fputc) referenced from printf6.o(i.__0printf$6)
 <LI><a href="#[29]">main</a> from main.o(.text.main) referenced from entry9a.o(.ARM.Collect$$$$0000000B)
</UL>
<P>
<H3>
Global Symbols
</H3>
<P><STRONG><a name="[0]"></a>Reset_Handler</STRONG> (Thumb, 12 bytes, Stack size 0 bytes, startup_ht32f5xxxx_03.o(RESET))
<BR>[Address Reference Count : 1]<UL><LI> startup_ht32f5xxxx_03.o(RESET)
</UL>
<P><STRONG><a name="[e]"></a>ADC_IRQHandler</STRONG> (Thumb, 0 bytes, Stack size 0 bytes, startup_ht32f5xxxx_03.o(RESET))
<BR><BR>[Calls]<UL><LI><a href="#[e]">&gt;&gt;</a>&nbsp;&nbsp;&nbsp;ADC_IRQHandler
</UL>
<BR>[Called By]<UL><LI><a href="#[e]">&gt;&gt;</a>&nbsp;&nbsp;&nbsp;ADC_IRQHandler
</UL>
<BR>[Address Reference Count : 1]<UL><LI> startup_ht32f5xxxx_03.o(RESET)
</UL>
<P><STRONG><a name="[f]"></a>AES_IRQHandler</STRONG> (Thumb, 0 bytes, Stack size 0 bytes, startup_ht32f5xxxx_03.o(RESET))
<BR>[Address Reference Count : 1]<UL><LI> startup_ht32f5xxxx_03.o(RESET)
</UL>
<P><STRONG><a name="[17]"></a>BFTM0_IRQHandler</STRONG> (Thumb, 0 bytes, Stack size 0 bytes, startup_ht32f5xxxx_03.o(RESET))
<BR>[Address Reference Count : 1]<UL><LI> startup_ht32f5xxxx_03.o(RESET)
</UL>
<P><STRONG><a name="[18]"></a>BFTM1_IRQHandler</STRONG> (Thumb, 0 bytes, Stack size 0 bytes, startup_ht32f5xxxx_03.o(RESET))
<BR>[Address Reference Count : 1]<UL><LI> startup_ht32f5xxxx_03.o(RESET)
</UL>
<P><STRONG><a name="[d]"></a>COMP_DAC_IRQHandler</STRONG> (Thumb, 0 bytes, Stack size 0 bytes, startup_ht32f5xxxx_03.o(RESET))
<BR>[Address Reference Count : 1]<UL><LI> startup_ht32f5xxxx_03.o(RESET)
</UL>
<P><STRONG><a name="[2b]"></a>COMP_IRQHandler</STRONG> (Thumb, 0 bytes, Stack size 0 bytes, startup_ht32f5xxxx_03.o(RESET), UNUSED, KEPT)

<P><STRONG><a name="[9]"></a>EVWUP_IRQHandler</STRONG> (Thumb, 0 bytes, Stack size 0 bytes, startup_ht32f5xxxx_03.o(RESET))
<BR>[Address Reference Count : 1]<UL><LI> startup_ht32f5xxxx_03.o(RESET)
</UL>
<P><STRONG><a name="[a]"></a>EXTI0_1_IRQHandler</STRONG> (Thumb, 0 bytes, Stack size 0 bytes, startup_ht32f5xxxx_03.o(RESET))
<BR>[Address Reference Count : 1]<UL><LI> startup_ht32f5xxxx_03.o(RESET)
</UL>
<P><STRONG><a name="[b]"></a>EXTI2_3_IRQHandler</STRONG> (Thumb, 0 bytes, Stack size 0 bytes, startup_ht32f5xxxx_03.o(RESET))
<BR>[Address Reference Count : 1]<UL><LI> startup_ht32f5xxxx_03.o(RESET)
</UL>
<P><STRONG><a name="[c]"></a>EXTI4_15_IRQHandler</STRONG> (Thumb, 0 bytes, Stack size 0 bytes, startup_ht32f5xxxx_03.o(RESET))
<BR>[Address Reference Count : 1]<UL><LI> startup_ht32f5xxxx_03.o(RESET)
</UL>
<P><STRONG><a name="[8]"></a>FLASH_IRQHandler</STRONG> (Thumb, 0 bytes, Stack size 0 bytes, startup_ht32f5xxxx_03.o(RESET))
<BR>[Address Reference Count : 1]<UL><LI> startup_ht32f5xxxx_03.o(RESET)
</UL>
<P><STRONG><a name="[12]"></a>GPTM0_IRQHandler</STRONG> (Thumb, 0 bytes, Stack size 0 bytes, startup_ht32f5xxxx_03.o(RESET))
<BR>[Address Reference Count : 1]<UL><LI> startup_ht32f5xxxx_03.o(RESET)
</UL>
<P><STRONG><a name="[19]"></a>I2C0_IRQHandler</STRONG> (Thumb, 0 bytes, Stack size 0 bytes, startup_ht32f5xxxx_03.o(RESET))
<BR>[Address Reference Count : 1]<UL><LI> startup_ht32f5xxxx_03.o(RESET)
</UL>
<P><STRONG><a name="[1a]"></a>I2C1_IRQHandler</STRONG> (Thumb, 0 bytes, Stack size 0 bytes, startup_ht32f5xxxx_03.o(RESET))
<BR>[Address Reference Count : 1]<UL><LI> startup_ht32f5xxxx_03.o(RESET)
</UL>
<P><STRONG><a name="[22]"></a>I2S_IRQHandler</STRONG> (Thumb, 0 bytes, Stack size 0 bytes, startup_ht32f5xxxx_03.o(RESET))
<BR>[Address Reference Count : 1]<UL><LI> startup_ht32f5xxxx_03.o(RESET)
</UL>
<P><STRONG><a name="[6]"></a>LVD_BOD_IRQHandler</STRONG> (Thumb, 0 bytes, Stack size 0 bytes, startup_ht32f5xxxx_03.o(RESET))
<BR>[Address Reference Count : 1]<UL><LI> startup_ht32f5xxxx_03.o(RESET)
</UL>
<P><STRONG><a name="[10]"></a>MCTM0_IRQHandler</STRONG> (Thumb, 0 bytes, Stack size 0 bytes, startup_ht32f5xxxx_03.o(RESET))
<BR>[Address Reference Count : 1]<UL><LI> startup_ht32f5xxxx_03.o(RESET)
</UL>
<P><STRONG><a name="[24]"></a>PDMA_CH0_1_IRQHandler</STRONG> (Thumb, 0 bytes, Stack size 0 bytes, startup_ht32f5xxxx_03.o(RESET))
<BR>[Address Reference Count : 1]<UL><LI> startup_ht32f5xxxx_03.o(RESET)
</UL>
<P><STRONG><a name="[25]"></a>PDMA_CH2_5_IRQHandler</STRONG> (Thumb, 0 bytes, Stack size 0 bytes, startup_ht32f5xxxx_03.o(RESET))
<BR>[Address Reference Count : 1]<UL><LI> startup_ht32f5xxxx_03.o(RESET)
</UL>
<P><STRONG><a name="[15]"></a>PWM0_IRQHandler</STRONG> (Thumb, 0 bytes, Stack size 0 bytes, startup_ht32f5xxxx_03.o(RESET))
<BR>[Address Reference Count : 1]<UL><LI> startup_ht32f5xxxx_03.o(RESET)
</UL>
<P><STRONG><a name="[16]"></a>PWM1_IRQHandler</STRONG> (Thumb, 0 bytes, Stack size 0 bytes, startup_ht32f5xxxx_03.o(RESET))
<BR>[Address Reference Count : 1]<UL><LI> startup_ht32f5xxxx_03.o(RESET)
</UL>
<P><STRONG><a name="[11]"></a>QSPI_IRQHandler</STRONG> (Thumb, 0 bytes, Stack size 0 bytes, startup_ht32f5xxxx_03.o(RESET))
<BR>[Address Reference Count : 1]<UL><LI> startup_ht32f5xxxx_03.o(RESET)
</UL>
<P><STRONG><a name="[21]"></a>SCI_IRQHandler</STRONG> (Thumb, 0 bytes, Stack size 0 bytes, startup_ht32f5xxxx_03.o(RESET))
<BR>[Address Reference Count : 1]<UL><LI> startup_ht32f5xxxx_03.o(RESET)
</UL>
<P><STRONG><a name="[13]"></a>SCTM0_IRQHandler</STRONG> (Thumb, 0 bytes, Stack size 0 bytes, startup_ht32f5xxxx_03.o(RESET))
<BR>[Address Reference Count : 1]<UL><LI> startup_ht32f5xxxx_03.o(RESET)
</UL>
<P><STRONG><a name="[14]"></a>SCTM1_IRQHandler</STRONG> (Thumb, 0 bytes, Stack size 0 bytes, startup_ht32f5xxxx_03.o(RESET))
<BR>[Address Reference Count : 1]<UL><LI> startup_ht32f5xxxx_03.o(RESET)
</UL>
<P><STRONG><a name="[1b]"></a>SPI0_IRQHandler</STRONG> (Thumb, 0 bytes, Stack size 0 bytes, startup_ht32f5xxxx_03.o(RESET))
<BR>[Address Reference Count : 1]<UL><LI> startup_ht32f5xxxx_03.o(RESET)
</UL>
<P><STRONG><a name="[1c]"></a>SPI1_IRQHandler</STRONG> (Thumb, 0 bytes, Stack size 0 bytes, startup_ht32f5xxxx_03.o(RESET))
<BR>[Address Reference Count : 1]<UL><LI> startup_ht32f5xxxx_03.o(RESET)
</UL>
<P><STRONG><a name="[2c]"></a>UART0_IRQHandler</STRONG> (Thumb, 0 bytes, Stack size 0 bytes, startup_ht32f5xxxx_03.o(RESET), UNUSED, KEPT)

<P><STRONG><a name="[1f]"></a>UART0_UART2_IRQHandler</STRONG> (Thumb, 0 bytes, Stack size 0 bytes, startup_ht32f5xxxx_03.o(RESET))
<BR>[Address Reference Count : 1]<UL><LI> startup_ht32f5xxxx_03.o(RESET)
</UL>
<P><STRONG><a name="[2d]"></a>UART1_IRQHandler</STRONG> (Thumb, 0 bytes, Stack size 0 bytes, startup_ht32f5xxxx_03.o(RESET), UNUSED, KEPT)

<P><STRONG><a name="[20]"></a>UART1_UART3_IRQHandler</STRONG> (Thumb, 0 bytes, Stack size 0 bytes, startup_ht32f5xxxx_03.o(RESET))
<BR>[Address Reference Count : 1]<UL><LI> startup_ht32f5xxxx_03.o(RESET)
</UL>
<P><STRONG><a name="[1d]"></a>USART0_IRQHandler</STRONG> (Thumb, 0 bytes, Stack size 0 bytes, startup_ht32f5xxxx_03.o(RESET))
<BR>[Address Reference Count : 1]<UL><LI> startup_ht32f5xxxx_03.o(RESET)
</UL>
<P><STRONG><a name="[1e]"></a>USART1_IRQHandler</STRONG> (Thumb, 0 bytes, Stack size 0 bytes, startup_ht32f5xxxx_03.o(RESET))
<BR>[Address Reference Count : 1]<UL><LI> startup_ht32f5xxxx_03.o(RESET)
</UL>
<P><STRONG><a name="[23]"></a>USB_IRQHandler</STRONG> (Thumb, 0 bytes, Stack size 0 bytes, startup_ht32f5xxxx_03.o(RESET))
<BR>[Address Reference Count : 1]<UL><LI> startup_ht32f5xxxx_03.o(RESET)
</UL>
<P><STRONG><a name="[28]"></a>__main</STRONG> (Thumb, 0 bytes, Stack size unknown bytes, entry.o(.ARM.Collect$$$$00000000))
<BR>[Address Reference Count : 1]<UL><LI> startup_ht32f5xxxx_03.o(RESET)
</UL>
<P><STRONG><a name="[56]"></a>_main_stk</STRONG> (Thumb, 0 bytes, Stack size unknown bytes, entry2.o(.ARM.Collect$$$$00000001))

<P><STRONG><a name="[2e]"></a>_main_scatterload</STRONG> (Thumb, 0 bytes, Stack size unknown bytes, entry5.o(.ARM.Collect$$$$00000004))
<BR><BR>[Calls]<UL><LI><a href="#[2f]">&gt;&gt;</a>&nbsp;&nbsp;&nbsp;__scatterload
</UL>

<P><STRONG><a name="[30]"></a>__main_after_scatterload</STRONG> (Thumb, 0 bytes, Stack size unknown bytes, entry5.o(.ARM.Collect$$$$00000004))
<BR><BR>[Called By]<UL><LI><a href="#[2f]">&gt;&gt;</a>&nbsp;&nbsp;&nbsp;__scatterload
</UL>

<P><STRONG><a name="[57]"></a>_main_clock</STRONG> (Thumb, 0 bytes, Stack size unknown bytes, entry7b.o(.ARM.Collect$$$$00000008))

<P><STRONG><a name="[58]"></a>_main_cpp_init</STRONG> (Thumb, 0 bytes, Stack size unknown bytes, entry8b.o(.ARM.Collect$$$$0000000A))

<P><STRONG><a name="[59]"></a>_main_init</STRONG> (Thumb, 0 bytes, Stack size unknown bytes, entry9a.o(.ARM.Collect$$$$0000000B))

<P><STRONG><a name="[5a]"></a>__rt_final_cpp</STRONG> (Thumb, 0 bytes, Stack size unknown bytes, entry10a.o(.ARM.Collect$$$$0000000D))

<P><STRONG><a name="[5b]"></a>__rt_final_exit</STRONG> (Thumb, 0 bytes, Stack size unknown bytes, entry11a.o(.ARM.Collect$$$$0000000F))

<P><STRONG><a name="[4c]"></a>__aeabi_uidiv</STRONG> (Thumb, 0 bytes, Stack size 16 bytes, uidiv_div0.o(.text))
<BR><BR>[Stack]<UL><LI>Max Depth = 16<LI>Call Chain = __aeabi_uidiv
</UL>
<BR>[Called By]<UL><LI><a href="#[29]">&gt;&gt;</a>&nbsp;&nbsp;&nbsp;main
<LI><a href="#[34]">&gt;&gt;</a>&nbsp;&nbsp;&nbsp;USART_Init
</UL>

<P><STRONG><a name="[51]"></a>__aeabi_uidivmod</STRONG> (Thumb, 62 bytes, Stack size 16 bytes, uidiv_div0.o(.text))
<BR><BR>[Stack]<UL><LI>Max Depth = 16<LI>Call Chain = __aeabi_uidivmod
</UL>
<BR>[Called By]<UL><LI><a href="#[29]">&gt;&gt;</a>&nbsp;&nbsp;&nbsp;main
<LI><a href="#[53]">&gt;&gt;</a>&nbsp;&nbsp;&nbsp;_printf_core
</UL>

<P><STRONG><a name="[2f]"></a>__scatterload</STRONG> (Thumb, 38 bytes, Stack size 0 bytes, init.o(.text))
<BR><BR>[Calls]<UL><LI><a href="#[30]">&gt;&gt;</a>&nbsp;&nbsp;&nbsp;__main_after_scatterload
</UL>
<BR>[Called By]<UL><LI><a href="#[2e]">&gt;&gt;</a>&nbsp;&nbsp;&nbsp;_main_scatterload
</UL>

<P><STRONG><a name="[5c]"></a>__scatterload_rt2</STRONG> (Thumb, 0 bytes, Stack size 0 bytes, init.o(.text), UNUSED)

<P><STRONG><a name="[33]"></a>AFIO_GPxConfig</STRONG> (Thumb, 376 bytes, Stack size 76 bytes, ht32f5xxxx_gpio.o(.text.AFIO_GPxConfig))
<BR><BR>[Stack]<UL><LI>Max Depth = 76<LI>Call Chain = AFIO_GPxConfig
</UL>
<BR>[Called By]<UL><LI><a href="#[36]">&gt;&gt;</a>&nbsp;&nbsp;&nbsp;HT32F_DVB_LEDInit
<LI><a href="#[31]">&gt;&gt;</a>&nbsp;&nbsp;&nbsp;HT32F_DVB_COMInit
</UL>

<P><STRONG><a name="[3f]"></a>CKCU_GetClockReadyStatus</STRONG> (Thumb, 12 bytes, Stack size 0 bytes, ht32f5xxxx_ckcu.o(.text.CKCU_GetClockReadyStatus))
<BR><BR>[Called By]<UL><LI><a href="#[3b]">&gt;&gt;</a>&nbsp;&nbsp;&nbsp;RTC_Configuration
</UL>

<P><STRONG><a name="[4b]"></a>CKCU_GetPeripFrequency</STRONG> (Thumb, 148 bytes, Stack size 16 bytes, ht32f5xxxx_ckcu.o(.text.CKCU_GetPeripFrequency))
<BR><BR>[Stack]<UL><LI>Max Depth = 16<LI>Call Chain = CKCU_GetPeripFrequency
</UL>
<BR>[Called By]<UL><LI><a href="#[34]">&gt;&gt;</a>&nbsp;&nbsp;&nbsp;USART_Init
</UL>

<P><STRONG><a name="[32]"></a>CKCU_PeripClockConfig</STRONG> (Thumb, 52 bytes, Stack size 16 bytes, ht32f5xxxx_ckcu.o(.text.CKCU_PeripClockConfig))
<BR><BR>[Stack]<UL><LI>Max Depth = 16<LI>Call Chain = CKCU_PeripClockConfig
</UL>
<BR>[Called By]<UL><LI><a href="#[36]">&gt;&gt;</a>&nbsp;&nbsp;&nbsp;HT32F_DVB_LEDInit
<LI><a href="#[29]">&gt;&gt;</a>&nbsp;&nbsp;&nbsp;main
<LI><a href="#[31]">&gt;&gt;</a>&nbsp;&nbsp;&nbsp;HT32F_DVB_COMInit
</UL>

<P><STRONG><a name="[39]"></a>GPIO_DirectionConfig</STRONG> (Thumb, 20 bytes, Stack size 0 bytes, ht32f5xxxx_gpio.o(.text.GPIO_DirectionConfig))
<BR><BR>[Called By]<UL><LI><a href="#[36]">&gt;&gt;</a>&nbsp;&nbsp;&nbsp;HT32F_DVB_LEDInit
</UL>

<P><STRONG><a name="[38]"></a>GPIO_DriveConfig</STRONG> (Thumb, 222 bytes, Stack size 20 bytes, ht32f5xxxx_gpio.o(.text.GPIO_DriveConfig))
<BR><BR>[Stack]<UL><LI>Max Depth = 20<LI>Call Chain = GPIO_DriveConfig
</UL>
<BR>[Called By]<UL><LI><a href="#[36]">&gt;&gt;</a>&nbsp;&nbsp;&nbsp;HT32F_DVB_LEDInit
</UL>

<P><STRONG><a name="[37]"></a>GPIO_PullResistorConfig</STRONG> (Thumb, 34 bytes, Stack size 16 bytes, ht32f5xxxx_gpio.o(.text.GPIO_PullResistorConfig))
<BR><BR>[Stack]<UL><LI>Max Depth = 16<LI>Call Chain = GPIO_PullResistorConfig
</UL>
<BR>[Called By]<UL><LI><a href="#[36]">&gt;&gt;</a>&nbsp;&nbsp;&nbsp;HT32F_DVB_LEDInit
</UL>

<P><STRONG><a name="[31]"></a>HT32F_DVB_COMInit</STRONG> (Thumb, 80 bytes, Stack size 24 bytes, ht32_board.o(.text.HT32F_DVB_COMInit))
<BR><BR>[Stack]<UL><LI>Max Depth = 100<LI>Call Chain = HT32F_DVB_COMInit &rArr; AFIO_GPxConfig
</UL>
<BR>[Calls]<UL><LI><a href="#[33]">&gt;&gt;</a>&nbsp;&nbsp;&nbsp;AFIO_GPxConfig
<LI><a href="#[32]">&gt;&gt;</a>&nbsp;&nbsp;&nbsp;CKCU_PeripClockConfig
<LI><a href="#[35]">&gt;&gt;</a>&nbsp;&nbsp;&nbsp;USART_TxRxCmd
<LI><a href="#[34]">&gt;&gt;</a>&nbsp;&nbsp;&nbsp;USART_Init
</UL>
<BR>[Called By]<UL><LI><a href="#[3a]">&gt;&gt;</a>&nbsp;&nbsp;&nbsp;RETARGET_Configuration
</UL>

<P><STRONG><a name="[36]"></a>HT32F_DVB_LEDInit</STRONG> (Thumb, 76 bytes, Stack size 24 bytes, ht32_board.o(.text.HT32F_DVB_LEDInit))
<BR><BR>[Stack]<UL><LI>Max Depth = 100<LI>Call Chain = HT32F_DVB_LEDInit &rArr; AFIO_GPxConfig
</UL>
<BR>[Calls]<UL><LI><a href="#[33]">&gt;&gt;</a>&nbsp;&nbsp;&nbsp;AFIO_GPxConfig
<LI><a href="#[38]">&gt;&gt;</a>&nbsp;&nbsp;&nbsp;GPIO_DriveConfig
<LI><a href="#[37]">&gt;&gt;</a>&nbsp;&nbsp;&nbsp;GPIO_PullResistorConfig
<LI><a href="#[39]">&gt;&gt;</a>&nbsp;&nbsp;&nbsp;GPIO_DirectionConfig
<LI><a href="#[32]">&gt;&gt;</a>&nbsp;&nbsp;&nbsp;CKCU_PeripClockConfig
</UL>
<BR>[Called By]<UL><LI><a href="#[29]">&gt;&gt;</a>&nbsp;&nbsp;&nbsp;main
</UL>

<P><STRONG><a name="[44]"></a>HT32F_DVB_LEDToggle</STRONG> (Thumb, 16 bytes, Stack size 0 bytes, ht32_board.o(.text.HT32F_DVB_LEDToggle))
<BR><BR>[Called By]<UL><LI><a href="#[7]">&gt;&gt;</a>&nbsp;&nbsp;&nbsp;RTC_IRQHandler
</UL>

<P><STRONG><a name="[2]"></a>HardFault_Handler</STRONG> (Thumb, 28 bytes, Stack size 0 bytes, ht32f5xxxx_01_it.o(.text.HardFault_Handler))
<BR>[Address Reference Count : 1]<UL><LI> startup_ht32f5xxxx_03.o(RESET)
</UL>
<P><STRONG><a name="[1]"></a>NMI_Handler</STRONG> (Thumb, 2 bytes, Stack size 0 bytes, ht32f5xxxx_01_it.o(.text.NMI_Handler))
<BR>[Address Reference Count : 1]<UL><LI> startup_ht32f5xxxx_03.o(RESET)
</UL>
<P><STRONG><a name="[4e]"></a>PWRCU_CheckReadyAccessed</STRONG> (Thumb, 208 bytes, Stack size 0 bytes, ht32f5xxxx_pwrcu.o(.text.PWRCU_CheckReadyAccessed))
<BR><BR>[Called By]<UL><LI><a href="#[29]">&gt;&gt;</a>&nbsp;&nbsp;&nbsp;main
</UL>

<P><STRONG><a name="[3c]"></a>PWRCU_DeInit</STRONG> (Thumb, 64 bytes, Stack size 0 bytes, ht32f5xxxx_pwrcu.o(.text.PWRCU_DeInit))
<BR><BR>[Called By]<UL><LI><a href="#[3b]">&gt;&gt;</a>&nbsp;&nbsp;&nbsp;RTC_Configuration
</UL>

<P><STRONG><a name="[4]"></a>PendSV_Handler</STRONG> (Thumb, 2 bytes, Stack size 0 bytes, ht32f5xxxx_01_it.o(.text.PendSV_Handler))
<BR>[Address Reference Count : 1]<UL><LI> startup_ht32f5xxxx_03.o(RESET)
</UL>
<P><STRONG><a name="[3a]"></a>RETARGET_Configuration</STRONG> (Thumb, 32 bytes, Stack size 24 bytes, ht32_retarget.o(.text.RETARGET_Configuration))
<BR><BR>[Stack]<UL><LI>Max Depth = 124<LI>Call Chain = RETARGET_Configuration &rArr; HT32F_DVB_COMInit &rArr; AFIO_GPxConfig
</UL>
<BR>[Calls]<UL><LI><a href="#[31]">&gt;&gt;</a>&nbsp;&nbsp;&nbsp;HT32F_DVB_COMInit
</UL>
<BR>[Called By]<UL><LI><a href="#[29]">&gt;&gt;</a>&nbsp;&nbsp;&nbsp;main
</UL>

<P><STRONG><a name="[40]"></a>RTC_ClockSourceConfig</STRONG> (Thumb, 16 bytes, Stack size 0 bytes, ht32f5xxxx_rtc.o(.text.RTC_ClockSourceConfig))
<BR><BR>[Called By]<UL><LI><a href="#[3b]">&gt;&gt;</a>&nbsp;&nbsp;&nbsp;RTC_Configuration
</UL>

<P><STRONG><a name="[4f]"></a>RTC_Cmd</STRONG> (Thumb, 20 bytes, Stack size 0 bytes, ht32f5xxxx_rtc.o(.text.RTC_Cmd))
<BR><BR>[Called By]<UL><LI><a href="#[29]">&gt;&gt;</a>&nbsp;&nbsp;&nbsp;main
</UL>

<P><STRONG><a name="[3b]"></a>RTC_Configuration</STRONG> (Thumb, 56 bytes, Stack size 8 bytes, main.o(.text.RTC_Configuration))
<BR><BR>[Stack]<UL><LI>Max Depth = 8<LI>Call Chain = RTC_Configuration
</UL>
<BR>[Calls]<UL><LI><a href="#[42]">&gt;&gt;</a>&nbsp;&nbsp;&nbsp;RTC_SetPrescaler
<LI><a href="#[41]">&gt;&gt;</a>&nbsp;&nbsp;&nbsp;RTC_IntConfig
<LI><a href="#[40]">&gt;&gt;</a>&nbsp;&nbsp;&nbsp;RTC_ClockSourceConfig
<LI><a href="#[3f]">&gt;&gt;</a>&nbsp;&nbsp;&nbsp;CKCU_GetClockReadyStatus
<LI><a href="#[3e]">&gt;&gt;</a>&nbsp;&nbsp;&nbsp;RTC_LSECmd
<LI><a href="#[3d]">&gt;&gt;</a>&nbsp;&nbsp;&nbsp;RTC_LSESMConfig
<LI><a href="#[3c]">&gt;&gt;</a>&nbsp;&nbsp;&nbsp;PWRCU_DeInit
</UL>
<BR>[Called By]<UL><LI><a href="#[29]">&gt;&gt;</a>&nbsp;&nbsp;&nbsp;main
</UL>

<P><STRONG><a name="[50]"></a>RTC_GetCounter</STRONG> (Thumb, 8 bytes, Stack size 0 bytes, ht32f5xxxx_rtc.o(.text.RTC_GetCounter))
<BR><BR>[Called By]<UL><LI><a href="#[29]">&gt;&gt;</a>&nbsp;&nbsp;&nbsp;main
</UL>

<P><STRONG><a name="[43]"></a>RTC_GetFlagStatus</STRONG> (Thumb, 8 bytes, Stack size 0 bytes, ht32f5xxxx_rtc.o(.text.RTC_GetFlagStatus))
<BR><BR>[Called By]<UL><LI><a href="#[7]">&gt;&gt;</a>&nbsp;&nbsp;&nbsp;RTC_IRQHandler
</UL>

<P><STRONG><a name="[7]"></a>RTC_IRQHandler</STRONG> (Thumb, 24 bytes, Stack size 8 bytes, ht32f5xxxx_01_it.o(.text.RTC_IRQHandler))
<BR><BR>[Stack]<UL><LI>Max Depth = 8<LI>Call Chain = RTC_IRQHandler
</UL>
<BR>[Calls]<UL><LI><a href="#[44]">&gt;&gt;</a>&nbsp;&nbsp;&nbsp;HT32F_DVB_LEDToggle
<LI><a href="#[43]">&gt;&gt;</a>&nbsp;&nbsp;&nbsp;RTC_GetFlagStatus
</UL>
<BR>[Address Reference Count : 1]<UL><LI> startup_ht32f5xxxx_03.o(RESET)
</UL>
<P><STRONG><a name="[41]"></a>RTC_IntConfig</STRONG> (Thumb, 24 bytes, Stack size 0 bytes, ht32f5xxxx_rtc.o(.text.RTC_IntConfig))
<BR><BR>[Called By]<UL><LI><a href="#[3b]">&gt;&gt;</a>&nbsp;&nbsp;&nbsp;RTC_Configuration
</UL>

<P><STRONG><a name="[3e]"></a>RTC_LSECmd</STRONG> (Thumb, 20 bytes, Stack size 0 bytes, ht32f5xxxx_rtc.o(.text.RTC_LSECmd))
<BR><BR>[Called By]<UL><LI><a href="#[3b]">&gt;&gt;</a>&nbsp;&nbsp;&nbsp;RTC_Configuration
</UL>

<P><STRONG><a name="[3d]"></a>RTC_LSESMConfig</STRONG> (Thumb, 16 bytes, Stack size 0 bytes, ht32f5xxxx_rtc.o(.text.RTC_LSESMConfig))
<BR><BR>[Called By]<UL><LI><a href="#[3b]">&gt;&gt;</a>&nbsp;&nbsp;&nbsp;RTC_Configuration
</UL>

<P><STRONG><a name="[42]"></a>RTC_SetPrescaler</STRONG> (Thumb, 16 bytes, Stack size 0 bytes, ht32f5xxxx_rtc.o(.text.RTC_SetPrescaler))
<BR><BR>[Called By]<UL><LI><a href="#[3b]">&gt;&gt;</a>&nbsp;&nbsp;&nbsp;RTC_Configuration
</UL>

<P><STRONG><a name="[45]"></a>SERIAL_GetChar</STRONG> (Thumb, 26 bytes, Stack size 8 bytes, ht32_serial.o(.text.SERIAL_GetChar))
<BR><BR>[Stack]<UL><LI>Max Depth = 8<LI>Call Chain = SERIAL_GetChar
</UL>
<BR>[Calls]<UL><LI><a href="#[46]">&gt;&gt;</a>&nbsp;&nbsp;&nbsp;USART_GetFlagStatus
<LI><a href="#[47]">&gt;&gt;</a>&nbsp;&nbsp;&nbsp;USART_ReceiveData
</UL>
<BR>[Called By]<UL><LI><a href="#[48]">&gt;&gt;</a>&nbsp;&nbsp;&nbsp;Time_Regulate
</UL>

<P><STRONG><a name="[4d]"></a>SERIAL_PutChar</STRONG> (Thumb, 40 bytes, Stack size 0 bytes, ht32_serial.o(.text.SERIAL_PutChar))
<BR><BR>[Called By]<UL><LI><a href="#[2a]">&gt;&gt;</a>&nbsp;&nbsp;&nbsp;fputc
</UL>

<P><STRONG><a name="[3]"></a>SVC_Handler</STRONG> (Thumb, 2 bytes, Stack size 0 bytes, ht32f5xxxx_01_it.o(.text.SVC_Handler))
<BR>[Address Reference Count : 1]<UL><LI> startup_ht32f5xxxx_03.o(RESET)
</UL>
<P><STRONG><a name="[5]"></a>SysTick_Handler</STRONG> (Thumb, 2 bytes, Stack size 0 bytes, ht32f5xxxx_01_it.o(.text.SysTick_Handler))
<BR>[Address Reference Count : 1]<UL><LI> startup_ht32f5xxxx_03.o(RESET)
</UL>
<P><STRONG><a name="[27]"></a>SystemInit</STRONG> (Thumb, 364 bytes, Stack size 44 bytes, system_ht32f5xxxx_03.o(.text.SystemInit))
<BR><BR>[Stack]<UL><LI>Max Depth = 44<LI>Call Chain = SystemInit
</UL>
<BR>[Address Reference Count : 1]<UL><LI> startup_ht32f5xxxx_03.o(RESET)
</UL>
<P><STRONG><a name="[48]"></a>Time_Regulate</STRONG> (Thumb, 192 bytes, Stack size 16 bytes, main.o(.text.Time_Regulate))
<BR><BR>[Stack]<UL><LI>Max Depth = 40<LI>Call Chain = Time_Regulate &rArr; __2printf
</UL>
<BR>[Calls]<UL><LI><a href="#[45]">&gt;&gt;</a>&nbsp;&nbsp;&nbsp;SERIAL_GetChar
<LI><a href="#[4a]">&gt;&gt;</a>&nbsp;&nbsp;&nbsp;puts
<LI><a href="#[49]">&gt;&gt;</a>&nbsp;&nbsp;&nbsp;__2printf
</UL>
<BR>[Called By]<UL><LI><a href="#[29]">&gt;&gt;</a>&nbsp;&nbsp;&nbsp;main
</UL>

<P><STRONG><a name="[46]"></a>USART_GetFlagStatus</STRONG> (Thumb, 10 bytes, Stack size 0 bytes, ht32f5xxxx_usart.o(.text.USART_GetFlagStatus))
<BR><BR>[Called By]<UL><LI><a href="#[45]">&gt;&gt;</a>&nbsp;&nbsp;&nbsp;SERIAL_GetChar
</UL>

<P><STRONG><a name="[34]"></a>USART_Init</STRONG> (Thumb, 112 bytes, Stack size 16 bytes, ht32f5xxxx_usart.o(.text.USART_Init))
<BR><BR>[Stack]<UL><LI>Max Depth = 32<LI>Call Chain = USART_Init &rArr; CKCU_GetPeripFrequency
</UL>
<BR>[Calls]<UL><LI><a href="#[4b]">&gt;&gt;</a>&nbsp;&nbsp;&nbsp;CKCU_GetPeripFrequency
<LI><a href="#[4c]">&gt;&gt;</a>&nbsp;&nbsp;&nbsp;__aeabi_uidiv
</UL>
<BR>[Called By]<UL><LI><a href="#[31]">&gt;&gt;</a>&nbsp;&nbsp;&nbsp;HT32F_DVB_COMInit
</UL>

<P><STRONG><a name="[47]"></a>USART_ReceiveData</STRONG> (Thumb, 6 bytes, Stack size 0 bytes, ht32f5xxxx_usart.o(.text.USART_ReceiveData))
<BR><BR>[Called By]<UL><LI><a href="#[45]">&gt;&gt;</a>&nbsp;&nbsp;&nbsp;SERIAL_GetChar
</UL>

<P><STRONG><a name="[35]"></a>USART_TxRxCmd</STRONG> (Thumb, 24 bytes, Stack size 0 bytes, ht32f5xxxx_usart.o(.text.USART_TxRxCmd))
<BR><BR>[Called By]<UL><LI><a href="#[31]">&gt;&gt;</a>&nbsp;&nbsp;&nbsp;HT32F_DVB_COMInit
</UL>

<P><STRONG><a name="[2a]"></a>fputc</STRONG> (Thumb, 8 bytes, Stack size 8 bytes, ht32_retarget.o(.text.fputc))
<BR><BR>[Stack]<UL><LI>Max Depth = 8<LI>Call Chain = fputc
</UL>
<BR>[Calls]<UL><LI><a href="#[4d]">&gt;&gt;</a>&nbsp;&nbsp;&nbsp;SERIAL_PutChar
</UL>
<BR>[Called By]<UL><LI><a href="#[4a]">&gt;&gt;</a>&nbsp;&nbsp;&nbsp;puts
</UL>
<BR>[Address Reference Count : 1]<UL><LI> printf6.o(i.__0printf$6)
</UL>
<P><STRONG><a name="[29]"></a>main</STRONG> (Thumb, 140 bytes, Stack size 0 bytes, main.o(.text.main))
<BR><BR>[Stack]<UL><LI>Max Depth = 124<LI>Call Chain = main &rArr; RETARGET_Configuration &rArr; HT32F_DVB_COMInit &rArr; AFIO_GPxConfig
</UL>
<BR>[Calls]<UL><LI><a href="#[50]">&gt;&gt;</a>&nbsp;&nbsp;&nbsp;RTC_GetCounter
<LI><a href="#[4f]">&gt;&gt;</a>&nbsp;&nbsp;&nbsp;RTC_Cmd
<LI><a href="#[48]">&gt;&gt;</a>&nbsp;&nbsp;&nbsp;Time_Regulate
<LI><a href="#[3b]">&gt;&gt;</a>&nbsp;&nbsp;&nbsp;RTC_Configuration
<LI><a href="#[3a]">&gt;&gt;</a>&nbsp;&nbsp;&nbsp;RETARGET_Configuration
<LI><a href="#[36]">&gt;&gt;</a>&nbsp;&nbsp;&nbsp;HT32F_DVB_LEDInit
<LI><a href="#[4e]">&gt;&gt;</a>&nbsp;&nbsp;&nbsp;PWRCU_CheckReadyAccessed
<LI><a href="#[32]">&gt;&gt;</a>&nbsp;&nbsp;&nbsp;CKCU_PeripClockConfig
<LI><a href="#[4a]">&gt;&gt;</a>&nbsp;&nbsp;&nbsp;puts
<LI><a href="#[51]">&gt;&gt;</a>&nbsp;&nbsp;&nbsp;__aeabi_uidivmod
<LI><a href="#[4c]">&gt;&gt;</a>&nbsp;&nbsp;&nbsp;__aeabi_uidiv
<LI><a href="#[49]">&gt;&gt;</a>&nbsp;&nbsp;&nbsp;__2printf
</UL>
<BR>[Address Reference Count : 1]<UL><LI> entry9a.o(.ARM.Collect$$$$0000000B)
</UL>
<P><STRONG><a name="[52]"></a>__0printf$6</STRONG> (Thumb, 24 bytes, Stack size 24 bytes, printf6.o(i.__0printf$6), UNUSED)
<BR><BR>[Calls]<UL><LI><a href="#[53]">&gt;&gt;</a>&nbsp;&nbsp;&nbsp;_printf_core
</UL>

<P><STRONG><a name="[5d]"></a>__1printf$6</STRONG> (Thumb, 0 bytes, Stack size 24 bytes, printf6.o(i.__0printf$6), UNUSED)

<P><STRONG><a name="[49]"></a>__2printf</STRONG> (Thumb, 0 bytes, Stack size 24 bytes, printf6.o(i.__0printf$6))
<BR><BR>[Stack]<UL><LI>Max Depth = 24<LI>Call Chain = __2printf
</UL>
<BR>[Called By]<UL><LI><a href="#[48]">&gt;&gt;</a>&nbsp;&nbsp;&nbsp;Time_Regulate
<LI><a href="#[29]">&gt;&gt;</a>&nbsp;&nbsp;&nbsp;main
</UL>

<P><STRONG><a name="[5e]"></a>__scatterload_copy</STRONG> (Thumb, 14 bytes, Stack size unknown bytes, handlers.o(i.__scatterload_copy), UNUSED)

<P><STRONG><a name="[5f]"></a>__scatterload_null</STRONG> (Thumb, 2 bytes, Stack size unknown bytes, handlers.o(i.__scatterload_null), UNUSED)

<P><STRONG><a name="[60]"></a>__scatterload_zeroinit</STRONG> (Thumb, 14 bytes, Stack size unknown bytes, handlers.o(i.__scatterload_zeroinit), UNUSED)

<P><STRONG><a name="[4a]"></a>puts</STRONG> (Thumb, 28 bytes, Stack size 8 bytes, puts.o(i.puts))
<BR><BR>[Stack]<UL><LI>Max Depth = 16<LI>Call Chain = puts &rArr; fputc
</UL>
<BR>[Calls]<UL><LI><a href="#[2a]">&gt;&gt;</a>&nbsp;&nbsp;&nbsp;fputc
</UL>
<BR>[Called By]<UL><LI><a href="#[48]">&gt;&gt;</a>&nbsp;&nbsp;&nbsp;Time_Regulate
<LI><a href="#[29]">&gt;&gt;</a>&nbsp;&nbsp;&nbsp;main
</UL>
<P>
<H3>
Local Symbols
</H3>
<P><STRONG><a name="[26]"></a>BootProcess</STRONG> (Thumb, 94 bytes, Stack size 0 bytes, startup_ht32f5xxxx_03.o(RESET))
<BR>[Address Reference Count : 1]<UL><LI> startup_ht32f5xxxx_03.o(RESET)
</UL>
<P><STRONG><a name="[53]"></a>_printf_core</STRONG> (Thumb, 768 bytes, Stack size 96 bytes, printf6.o(i._printf_core), UNUSED)
<BR><BR>[Calls]<UL><LI><a href="#[51]">&gt;&gt;</a>&nbsp;&nbsp;&nbsp;__aeabi_uidivmod
<LI><a href="#[54]">&gt;&gt;</a>&nbsp;&nbsp;&nbsp;_printf_pre_padding
<LI><a href="#[55]">&gt;&gt;</a>&nbsp;&nbsp;&nbsp;_printf_post_padding
</UL>
<BR>[Called By]<UL><LI><a href="#[52]">&gt;&gt;</a>&nbsp;&nbsp;&nbsp;__0printf$6
</UL>

<P><STRONG><a name="[55]"></a>_printf_post_padding</STRONG> (Thumb, 32 bytes, Stack size 24 bytes, printf6.o(i._printf_post_padding), UNUSED)
<BR><BR>[Called By]<UL><LI><a href="#[53]">&gt;&gt;</a>&nbsp;&nbsp;&nbsp;_printf_core
</UL>

<P><STRONG><a name="[54]"></a>_printf_pre_padding</STRONG> (Thumb, 44 bytes, Stack size 40 bytes, printf6.o(i._printf_pre_padding), UNUSED)
<BR><BR>[Called By]<UL><LI><a href="#[53]">&gt;&gt;</a>&nbsp;&nbsp;&nbsp;_printf_core
</UL>
<P>
<H3>
Undefined Global Symbols
</H3><HR></body></html>
