Component: Arm Compiler for Embedded 6.23 Tool: armlink [5f102400]

==============================================================================

Section Cross References

    main.o(.text.main) refers to ht32_retarget.o(.text.RETARGET_Configuration) for RETARGET_Configuration
    main.o(.text.main) refers to bmc81m001.o(.text.BMC81M001_Init) for BMC81M001_Init
    main.o(.text.main) refers to ht32f5xxxx_ckcu.o(.text.CKCU_PeripClockConfig) for CKCU_PeripClockConfig
    main.o(.text.main) refers to uidiv_div0.o(.text) for __aeabi_uidiv
    main.o(.text.main) refers to bmv31t001.o(.text.BMV31T001_Init) for BMV31T001_Init
    main.o(.text.main) refers to bmv31t001.o(.text.BMV31T001_setPower) for BMV31T001_setPower
    main.o(.text.main) refers to delay.o(.text.delay_ms) for delay_ms
    main.o(.text.main) refers to bmv31t001.o(.text.BMV31T001_setVolume) for BMV31T001_setVolume
    main.o(.text.main) refers to printf6.o(i.__0printf$6) for __2printf
    main.o(.text.main) refers to bmc81m001.o(.text.BMC81M001_connectToAP) for BMC81M001_connectToAP
    main.o(.text.main) refers to bmc81m001.o(.text.BMC81M001_connectTCP) for BMC81M001_connectTCP
    main.o(.text.main) refers to puts.o(i.puts) for puts
    main.o(.text.main) refers to bmc81m001.o(.text.BMC81M001_writeDataTcp) for BMC81M001_writeDataTcp
    main.o(.text.main) refers to bmv31t001.o(.text.BMV31T001_playVoice) for BMV31T001_playVoice
    main.o(.text.main) refers to malloc.o(i.free) for free
    main.o(.text.main) refers to bmc81m001.o(.text.BMC81M001_readDataTcp) for BMC81M001_readDataTcp
    main.o(.text.main) refers to strlen.o(.text) for strlen
    main.o(.text.main) refers to malloc.o(i.malloc) for malloc
    main.o(.text.main) refers to strcmp.o(.text) for strcmp
    main.o(.text.main) refers to bmv31t001.o(.text.BMV31T001_isPlaying) for BMV31T001_isPlaying
    main.o(.text.main) refers to bmv31t001.o(.text.BMV31T001_playStop) for BMV31T001_playStop
    main.o(.text.main) refers to main.o(.text.rtc) for rtc
    main.o(.text.main) refers to system_ht32f5xxxx_03.o(.data.SystemCoreClock) for SystemCoreClock
    main.o(.text.main) refers to main.o(.data.readDataBuff) for readDataBuff
    main.o(.text.main) refers to main.o(.rodata.str1.1) for [Anonymous Symbol]
    main.o(.ARM.exidx.text.main) refers to main.o(.text.main) for [Anonymous Symbol]
    main.o(.text.remove_newlines_char) refers to strlen.o(.text) for strlen
    main.o(.text.remove_newlines_char) refers to malloc.o(i.malloc) for malloc
    main.o(.ARM.exidx.text.remove_newlines_char) refers to main.o(.text.remove_newlines_char) for [Anonymous Symbol]
    main.o(.text._delay) refers to uidiv_div0.o(.text) for __aeabi_uidiv
    main.o(.text._delay) refers to system_ht32f5xxxx_03.o(.data.SystemCoreClock) for SystemCoreClock
    main.o(.ARM.exidx.text._delay) refers to main.o(.text._delay) for [Anonymous Symbol]
    main.o(.text.rtc) refers to main.o(.text.Time_Regulate) for Time_Regulate
    main.o(.text.rtc) refers to printf6.o(i.__0printf$6) for __2printf
    main.o(.text.rtc) refers to uidiv_div0.o(.text) for __aeabi_uidivmod
    main.o(.text.rtc) refers to printf6.o(i.__0sprintf$6) for __2sprintf
    main.o(.text.rtc) refers to strlen.o(.text) for strlen
    main.o(.text.rtc) refers to bmc81m001.o(.text.BMC81M001_writeDataTcp) for BMC81M001_writeDataTcp
    main.o(.text.rtc) refers to puts.o(i.puts) for puts
    main.o(.text.rtc) refers to main.o(.rodata.str1.1) for [Anonymous Symbol]
    main.o(.text.rtc) refers to system_ht32f5xxxx_03.o(.data.SystemCoreClock) for SystemCoreClock
    main.o(.ARM.exidx.text.rtc) refers to main.o(.text.rtc) for [Anonymous Symbol]
    main.o(.text.Time_Regulate) refers to puts.o(i.puts) for puts
    main.o(.text.Time_Regulate) refers to bmc81m001.o(.text.BMC81M001_writeDataTcp) for BMC81M001_writeDataTcp
    main.o(.text.Time_Regulate) refers to main.o(.text.ScanUnsignedDecimal) for ScanUnsignedDecimal
    main.o(.text.Time_Regulate) refers to printf6.o(i.__0printf$6) for __2printf
    main.o(.text.Time_Regulate) refers to main.o(.rodata.str1.1) for [Anonymous Symbol]
    main.o(.ARM.exidx.text.Time_Regulate) refers to main.o(.text.Time_Regulate) for [Anonymous Symbol]
    main.o(.text.Time_Display) refers to uidiv_div0.o(.text) for __aeabi_uidivmod
    main.o(.text.Time_Display) refers to printf6.o(i.__0printf$6) for __2printf
    main.o(.text.Time_Display) refers to main.o(.rodata.str1.1) for [Anonymous Symbol]
    main.o(.ARM.exidx.text.Time_Display) refers to main.o(.text.Time_Display) for [Anonymous Symbol]
    main.o(.text.RTC_Configuration) refers to ht32f5xxxx_pwrcu.o(.text.PWRCU_DeInit) for PWRCU_DeInit
    main.o(.text.RTC_Configuration) refers to ht32f5xxxx_rtc.o(.text.RTC_LSESMConfig) for RTC_LSESMConfig
    main.o(.text.RTC_Configuration) refers to ht32f5xxxx_rtc.o(.text.RTC_LSECmd) for RTC_LSECmd
    main.o(.text.RTC_Configuration) refers to ht32f5xxxx_ckcu.o(.text.CKCU_GetClockReadyStatus) for CKCU_GetClockReadyStatus
[...]
    Removing ht32_board.o(.ARM.exidx.text.HT32F_DVB_BuzzerOutputCmd), (8 bytes).
    Removing ht32_board.o(.rodata.GPIO_PORT), (24 bytes).
    Removing ht32_board.o(.rodata.LED_GPIO_ID), (3 bytes).
    Removing ht32_board.o(.rodata.LED_GPIO_PIN), (6 bytes).
    Removing ht32_board.o(.rodata.LED_AFIO_MODE), (3 bytes).
    Removing ht32_board.o(.rodata.BUTTON_GPIO_ID), (3 bytes).
    Removing ht32_board.o(.rodata.BUTTON_GPIO_PIN), (6 bytes).
    Removing ht32_board.o(.rodata.BUTTON_AFIO_MODE), (3 bytes).
    Removing ht32_board.o(.rodata.BUTTON_GPIO_PINNum), (3 bytes).
    Removing ht32_board.o(.rodata.gCOMInfo), (16 bytes).
    Removing ebi_lcd.o(.text), (0 bytes).
    Removing ebi_lcd.o(.text.LCD_Init), (236 bytes).
    Removing ebi_lcd.o(.ARM.exidx.text.LCD_Init), (8 bytes).
    Removing ebi_lcd.o(.text.LCD_Config), (1180 bytes).
    Removing ebi_lcd.o(.ARM.exidx.text.LCD_Config), (8 bytes).
    Removing ebi_lcd.o(.text.LCD_WriteReg), (10 bytes).
    Removing ebi_lcd.o(.ARM.exidx.text.LCD_WriteReg), (8 bytes).
    Removing ebi_lcd.o(.text.LCD_Clear), (248 bytes).
    Removing ebi_lcd.o(.ARM.exidx.text.LCD_Clear), (8 bytes).
    Removing ebi_lcd.o(.text.LCD_ReadReg), (10 bytes).
    Removing ebi_lcd.o(.ARM.exidx.text.LCD_ReadReg), (8 bytes).
    Removing ebi_lcd.o(.text.LCD_StarterSet), (34 bytes).
    Removing ebi_lcd.o(.ARM.exidx.text.LCD_StarterSet), (8 bytes).
    Removing ebi_lcd.o(.text.LCD_WriteRAMPrior), (10 bytes).
    Removing ebi_lcd.o(.ARM.exidx.text.LCD_WriteRAMPrior), (8 bytes).
    Removing ebi_lcd.o(.text.LCD_WriteRAM), (16 bytes).
    Removing ebi_lcd.o(.ARM.exidx.text.LCD_WriteRAM), (8 bytes).
    Removing ebi_lcd.o(.text.LCD_BackColorSet), (12 bytes).
    Removing ebi_lcd.o(.ARM.exidx.text.LCD_BackColorSet), (8 bytes).
    Removing ebi_lcd.o(.text.LCD_TextColorSet), (12 bytes).
    Removing ebi_lcd.o(.ARM.exidx.text.LCD_TextColorSet), (8 bytes).
    Removing ebi_lcd.o(.text.LCD_CharDisplay), (380 bytes).
    Removing ebi_lcd.o(.ARM.exidx.text.LCD_CharDisplay), (8 bytes).
    Removing ebi_lcd.o(.text.LCD_CharDraw), (272 bytes).
    Removing ebi_lcd.o(.ARM.exidx.text.LCD_CharDraw), (8 bytes).
    Removing ebi_lcd.o(.text.LCD_DisplayOff), (14 bytes).
    Removing ebi_lcd.o(.ARM.exidx.text.LCD_DisplayOff), (8 bytes).
    Removing ebi_lcd.o(.text.LCD_DisplayOn), (14 bytes).
    Removing ebi_lcd.o(.ARM.exidx.text.LCD_DisplayOn), (8 bytes).
    Removing ebi_lcd.o(.text.LCD_StringLineDisplay), (46 bytes).
    Removing ebi_lcd.o(.ARM.exidx.text.LCD_StringLineDisplay), (8 bytes).
    Removing ebi_lcd.o(.text.LCD_LineDraw), (544 bytes).
    Removing ebi_lcd.o(.ARM.exidx.text.LCD_LineDraw), (8 bytes).
    Removing ebi_lcd.o(.text.LCD_WriteRAMWord), (20 bytes).
    Removing ebi_lcd.o(.ARM.exidx.text.LCD_WriteRAMWord), (8 bytes).
    Removing ebi_lcd.o(.text.LCD_CircleDraw), (480 bytes).
    Removing ebi_lcd.o(.ARM.exidx.text.LCD_CircleDraw), (8 bytes).
    Removing ebi_lcd.o(.text.LCD_RectDraw), (1188 bytes).
    Removing ebi_lcd.o(.ARM.exidx.text.LCD_RectDraw), (8 bytes).
    Removing ebi_lcd.o(.text.LCD_PicDraw), (276 bytes).
    Removing ebi_lcd.o(.ARM.exidx.text.LCD_PicDraw), (8 bytes).
    Removing ebi_lcd.o(.text.LCD_SetDisplayArea), (70 bytes).
    Removing ebi_lcd.o(.ARM.exidx.text.LCD_SetDisplayArea), (8 bytes).
    Removing ebi_lcd.o(.rodata.ASCII_Font_Table), (4560 bytes).
    Removing ebi_lcd.o(.data.Color_Back), (2 bytes).
    Removing ebi_lcd.o(.bss.Color_Text), (2 bytes).
    Removing i2c_eeprom.o(.text), (0 bytes).
    Removing i2c_eeprom.o(.text.I2C_EEPROM_Init), (88 bytes).
    Removing i2c_eeprom.o(.ARM.exidx.text.I2C_EEPROM_Init), (8 bytes).
    Removing i2c_eeprom.o(.text.I2C_EEPROM_PageWrite), (172 bytes).
    Removing i2c_eeprom.o(.ARM.exidx.text.I2C_EEPROM_PageWrite), (8 bytes).
    Removing i2c_eeprom.o(.text._I2C_EEPROM_AckPolling), (92 bytes).
    Removing i2c_eeprom.o(.ARM.exidx.text._I2C_EEPROM_AckPolling), (8 bytes).
    Removing i2c_eeprom.o(.text.I2C_EEPROM_BufferWrite), (58 bytes).
    Removing i2c_eeprom.o(.ARM.exidx.text.I2C_EEPROM_BufferWrite), (8 bytes).
    Removing i2c_eeprom.o(.text.I2C_EEPROM_BufferRead), (232 bytes).
    Removing i2c_eeprom.o(.ARM.exidx.text.I2C_EEPROM_BufferRead), (8 bytes).
    Removing spi_flash.o(.text), (0 bytes).
    Removing spi_flash.o(.text.SPI_FLASH_Init), (152 bytes).
    Removing spi_flash.o(.ARM.exidx.text.SPI_FLASH_Init), (8 bytes).
    Removing spi_flash.o(.text.SPI_FLASH_SectorErase), (200 bytes).
    Removing spi_flash.o(.ARM.exidx.text.SPI_FLASH_SectorErase), (8 bytes).
    Removing spi_flash.o(.text.SPI_FLASH_WriteEnable), (72 bytes).
    Removing spi_flash.o(.ARM.exidx.text.SPI_FLASH_WriteEnable), (8 bytes).
    Removing spi_flash.o(.text.SPI_FLASH_SendByte), (52 bytes).
    Removing spi_flash.o(.ARM.exidx.text.SPI_FLASH_SendByte), (8 bytes).
    Removing spi_flash.o(.text.SPI_FLASH_WaitForWriteEnd), (120 bytes).
    Removing spi_flash.o(.ARM.exidx.text.SPI_FLASH_WaitForWriteEnd), (8 bytes).
    Removing spi_flash.o(.text.SPI_FLASH_BlockErase), (200 bytes).
    Removing spi_flash.o(.ARM.exidx.text.SPI_FLASH_BlockErase), (8 bytes).
    Removing spi_flash.o(.text.SPI_FLASH_ChipErase), (80 bytes).
    Removing spi_flash.o(.ARM.exidx.text.SPI_FLASH_ChipErase), (8 bytes).
    Removing spi_flash.o(.text.SPI_FLASH_PageWriteByDMA), (424 bytes).
    Removing spi_flash.o(.ARM.exidx.text.SPI_FLASH_PageWriteByDMA), (8 bytes).
    Removing spi_flash.o(.text.SPI_FLASH_PageWrite), (260 bytes).
    Removing spi_flash.o(.ARM.exidx.text.SPI_FLASH_PageWrite), (8 bytes).
    Removing spi_flash.o(.text.QSPI_FLASH_QuadPageWrite), (304 bytes).
    Removing spi_flash.o(.ARM.exidx.text.QSPI_FLASH_QuadPageWrite), (8 bytes).
    Removing spi_flash.o(.text.QSPI_FLASH_QuadPageWriteByDMA), (468 bytes).
    Removing spi_flash.o(.ARM.exidx.text.QSPI_FLASH_QuadPageWriteByDMA), (8 bytes).
    Removing spi_flash.o(.text.SPI_FLASH_BufferWriteBy), (196 bytes).
    Removing spi_flash.o(.ARM.exidx.text.SPI_FLASH_BufferWriteBy), (8 bytes).
    Removing spi_flash.o(.text.SPI_FLASH_BufferReadByDMA), (416 bytes).
    Removing spi_flash.o(.ARM.exidx.text.SPI_FLASH_BufferReadByDMA), (8 bytes).
    Removing spi_flash.o(.text.SPI_FLASH_BufferRead), (252 bytes).
    Removing spi_flash.o(.ARM.exidx.text.SPI_FLASH_BufferRead), (8 bytes).
    Removing spi_flash.o(.text.SPI_FLASH_BufferDualRead), (304 bytes).
    Removing spi_flash.o(.ARM.exidx.text.SPI_FLASH_BufferDualRead), (8 bytes).
    Removing spi_flash.o(.text.SPI_FLASH_BufferDualReadByDMA), (484 bytes).
    Removing spi_flash.o(.ARM.exidx.text.SPI_FLASH_BufferDualReadByDMA), (8 bytes).
    Removing spi_flash.o(.text.QSPI_FLASH_BufferQuadRead), (368 bytes).
    Removing spi_flash.o(.ARM.exidx.text.QSPI_FLASH_BufferQuadRead), (8 bytes).
    Removing spi_flash.o(.text.QSPI_FLASH_BufferQuadReadByDMA), (540 bytes).
    Removing spi_flash.o(.ARM.exidx.text.QSPI_FLASH_BufferQuadReadByDMA), (8 bytes).
    Removing spi_flash.o(.text.SPI_FLASH_ReadJEDECID), (204 bytes).
    Removing spi_flash.o(.ARM.exidx.text.SPI_FLASH_ReadJEDECID), (8 bytes).
    Removing spi_flash.o(.text.SPI_FLASH_WriteStatus), (120 bytes).
    Removing spi_flash.o(.ARM.exidx.text.SPI_FLASH_WriteStatus), (8 bytes).
    Removing spi_flash.o(.text.SPI_FLASH_WriteStatus2), (164 bytes).
    Removing spi_flash.o(.ARM.exidx.text.SPI_FLASH_WriteStatus2), (8 bytes).
    Removing spi_flash.o(.text.SPI_FLASH_WriteDisable), (72 bytes).
    Removing spi_flash.o(.ARM.exidx.text.SPI_FLASH_WriteDisable), (8 bytes).
    Removing dadd.o(.text), (356 bytes).
    Removing dmul.o(.text), (208 bytes).
    Removing ddiv.o(.text), (240 bytes).
    Removing dfixul.o(.text), (64 bytes).
    Removing cdrcmple.o(.text), (40 bytes).
    Removing depilogue.o(.text), (190 bytes).
    Removing depilogue.o(i.__ARM_clz), (46 bytes).

1396 unused section(s) (total 57701 bytes) removed from the image.

==============================================================================

Image Symbol Table

    Local Symbols

    Symbol Name                              Value     Ov Type        Size  Object(Section)

    ../clib/division.s                       0x00000000   Number         0  aeabi_sdivfast.o ABSOLUTE
    ../clib/division.s                       0x00000000   Number         0  aeabi_sdivfast_div0.o ABSOLUTE
    ../clib/microlib/ctype/ctype.c           0x00000000   Number         0  ctype_o.o ABSOLUTE
    ../clib/microlib/ctype/ctype.c           0x00000000   Number         0  isalnum_o.o ABSOLUTE
    ../clib/microlib/ctype/ctype.c           0x00000000   Number         0  isalpha_o.o ABSOLUTE
    ../clib/microlib/ctype/ctype.c           0x00000000   Number         0  isblank_o.o ABSOLUTE
    ../clib/microlib/ctype/ctype.c           0x00000000   Number         0  iscntrl_o.o ABSOLUTE
    ../clib/microlib/ctype/ctype.c           0x00000000   Number         0  isdigit_o.o ABSOLUTE
    ../clib/microlib/ctype/ctype.c           0x00000000   Number         0  isgraph_o.o ABSOLUTE
    ../clib/microlib/ctype/ctype.c           0x00000000   Number         0  islower_o.o ABSOLUTE
    ../clib/microlib/ctype/ctype.c           0x00000000   Number         0  isprint_o.o ABSOLUTE
    ../clib/microlib/ctype/ctype.c           0x00000000   Number         0  ispunct_o.o ABSOLUTE
    ../clib/microlib/ctype/ctype.c           0x00000000   Number         0  isspace_o.o ABSOLUTE
    ../clib/microlib/ctype/ctype.c           0x00000000   Number         0  isupper_o.o ABSOLUTE
    ../clib/microlib/ctype/ctype.c           0x00000000   Number         0  isxdigit_o.o ABSOLUTE
    ../clib/microlib/division.c              0x00000000   Number         0  uidiv.o ABSOLUTE
    ../clib/microlib/division.c              0x00000000   Number         0  uidiv_div0.o ABSOLUTE
    ../clib/microlib/division.c              0x00000000   Number         0  idiv_div0.o ABSOLUTE
    ../clib/microlib/division.c              0x00000000   Number         0  idiv0.o ABSOLUTE
    ../clib/microlib/division.c              0x00000000   Number         0  uldiv.o ABSOLUTE
    ../clib/microlib/errno.c                 0x00000000   Number         0  errno.o ABSOLUTE
    ../clib/microlib/init/entry.s            0x00000000   Number         0  entry.o ABSOLUTE
    ../clib/microlib/init/entry.s            0x00000000   Number         0  entry2.o ABSOLUTE
    ../clib/microlib/init/entry.s            0x00000000   Number         0  entry5.o ABSOLUTE
    ../clib/microlib/init/entry.s            0x00000000   Number         0  entry7a.o ABSOLUTE
    ../clib/microlib/init/entry.s            0x00000000   Number         0  entry7b.o ABSOLUTE
    ../clib/microlib/init/entry.s            0x00000000   Number         0  entry8a.o ABSOLUTE
    ../clib/microlib/init/entry.s            0x00000000   Number         0  entry8b.o ABSOLUTE
    ../clib/microlib/init/entry.s            0x00000000   Number         0  entry9a.o ABSOLUTE
    ../clib/microlib/init/entry.s            0x00000000   Number         0  entry9b.o ABSOLUTE
    ../clib/microlib/init/entry.s            0x00000000   Number         0  entry10a.o ABSOLUTE
    ../clib/microlib/init/entry.s            0x00000000   Number         0  entry10b.o ABSOLUTE
    ../clib/microlib/init/entry.s            0x00000000   Number         0  entry11a.o ABSOLUTE
    ../clib/microlib/init/entry.s            0x00000000   Number         0  entry11b.o ABSOLUTE
    ../clib/microlib/longlong.c              0x00000000   Number         0  llshl.o ABSOLUTE
    ../clib/microlib/longlong.c              0x00000000   Number         0  llushr.o ABSOLUTE
    ../clib/microlib/longlong.c              0x00000000   Number         0  llsshr.o ABSOLUTE
    ../clib/microlib/malloc/malloc.c         0x00000000   Number         0  malloc.o ABSOLUTE
    ../clib/microlib/malloc/malloc.c         0x00000000   Number         0  mallocr.o ABSOLUTE
    ../clib/microlib/malloc/malloc.c         0x00000000   Number         0  malloca.o ABSOLUTE
    ../clib/microlib/malloc/malloc.c         0x00000000   Number         0  mallocra.o ABSOLUTE
    ../clib/microlib/malloc/mvars.c          0x00000000   Number         0  mvars.o ABSOLUTE
    ../clib/microlib/printf/printf.c         0x00000000   Number         0  printfb.o ABSOLUTE
    ../clib/microlib/printf/printf.c         0x00000000   Number         0  printf0.o ABSOLUTE
    ../clib/microlib/printf/printf.c         0x00000000   Number         0  printf1.o ABSOLUTE
    ../clib/microlib/printf/printf.c         0x00000000   Number         0  printf2.o ABSOLUTE
    ../clib/microlib/printf/printf.c         0x00000000   Number         0  printf3.o ABSOLUTE
    ../clib/microlib/printf/printf.c         0x00000000   Number         0  printf4.o ABSOLUTE
    ../clib/microlib/printf/printf.c         0x00000000   Number         0  printf5.o ABSOLUTE
    ../clib/microlib/printf/printf.c         0x00000000   Number         0  printf6.o ABSOLUTE
    ../clib/microlib/printf/printf.c         0x00000000   Number         0  printf7.o ABSOLUTE
    ../clib/microlib/printf/printf.c         0x00000000   Number         0  printf8.o ABSOLUTE
    ../clib/microlib/printf/printf.c         0x00000000   Number         0  printfa.o ABSOLUTE
    ../clib/microlib/printf/stubs.s          0x00000000   Number         0  printfstubs.o ABSOLUTE
    ../clib/microlib/stdio/puts.c            0x00000000   Number         0  puts.o ABSOLUTE
    ../clib/microlib/stdio/puts.c            0x00000000   Number         0  puts_e.o ABSOLUTE
    ../clib/microlib/stdio/streams.c         0x00000000   Number         0  stdout.o ABSOLUTE
    ../clib/microlib/string/memcpy.c         0x00000000   Number         0  memcpya.o ABSOLUTE
    ../clib/microlib/string/memcpy.c         0x00000000   Number         0  memcpyb.o ABSOLUTE
    ../clib/microlib/string/memset.c         0x00000000   Number         0  memseta.o ABSOLUTE
    ../clib/microlib/string/strchr.c         0x00000000   Number         0  strchr.o ABSOLUTE
    ../clib/microlib/string/strcmp.c         0x00000000   Number         0  strcmp.o ABSOLUTE
    ../clib/microlib/string/strlen.c         0x00000000   Number         0  strlen.o ABSOLUTE
    ../clib/microlib/string/strspn.c         0x00000000   Number         0  strspn.o ABSOLUTE
    ../clib/microlib/string/strstr.c         0x00000000   Number         0  strstr.o ABSOLUTE
    ../clib/microlib/stubs.s                 0x00000000   Number         0  iusefp.o ABSOLUTE
    ../clib/scanf.c                          0x00000000   Number         0  atoi.o ABSOLUTE
    ../clib/scanf.c                          0x00000000   Number         0  strtol.o ABSOLUTE
    ../clib/scanf.c                          0x00000000   Number         0  _strtoul.o ABSOLUTE
    ../clib/scanf.c                          0x00000000   Number         0  _chval.o ABSOLUTE
    ../fplib/microlib/fpadd.c                0x00000000   Number         0  dadd.o ABSOLUTE
    ../fplib/microlib/fpdiv.c                0x00000000   Number         0  ddiv.o ABSOLUTE
    ../fplib/microlib/fpepilogue.c           0x00000000   Number         0  depilogue.o ABSOLUTE
    ../fplib/microlib/fpfix.c                0x00000000   Number         0  dfixul.o ABSOLUTE
    ../fplib/microlib/fpmul.c                0x00000000   Number         0  dmul.o ABSOLUTE
    BMC81M001.c                              0x00000000   Number         0  bmc81m001.o ABSOLUTE
    BMV31T001.c                              0x00000000   Number         0  bmv31t001.o ABSOLUTE
    USB_VCP.c                                0x00000000   Number         0  usb_vcp.o ABSOLUTE
    cdrcmple.s                               0x00000000   Number         0  cdrcmple.o ABSOLUTE
    dc.s                                     0x00000000   Number         0  dc.o ABSOLUTE
    delay.c                                  0x00000000   Number         0  delay.o ABSOLUTE
    ebi_lcd.c                                0x00000000   Number         0  ebi_lcd.o ABSOLUTE
    handlers.s                               0x00000000   Number         0  handlers.o ABSOLUTE
    ht32_board.c                             0x00000000   Number         0  ht32_board.o ABSOLUTE
    ht32_cm0plus_misc.c                      0x00000000   Number         0  ht32_cm0plus_misc.o ABSOLUTE
    ht32_op.s                                0x00000000   Number         0  ht32_op.o ABSOLUTE
    ht32_retarget.c                          0x00000000   Number         0  ht32_retarget.o ABSOLUTE
    ht32_serial.c                            0x00000000   Number         0  ht32_serial.o ABSOLUTE
    ht32_usbd_class.c                        0x00000000   Number         0  ht32_usbd_class.o ABSOLUTE
    ht32_usbd_core.c                         0x00000000   Number         0  ht32_usbd_core.o ABSOLUTE
    ht32_usbd_descriptor.c                   0x00000000   Number         0  ht32_usbd_descriptor.o ABSOLUTE
    ht32f5xxxx_01_it.c                       0x00000000   Number         0  ht32f5xxxx_01_it.o ABSOLUTE
    ht32f5xxxx_adc.c                         0x00000000   Number         0  ht32f5xxxx_adc.o ABSOLUTE
    ht32f5xxxx_aes.c                         0x00000000   Number         0  ht32f5xxxx_aes.o ABSOLUTE
    ht32f5xxxx_bftm.c                        0x00000000   Number         0  ht32f5xxxx_bftm.o ABSOLUTE
    ht32f5xxxx_ckcu.c                        0x00000000   Number         0  ht32f5xxxx_ckcu.o ABSOLUTE
    ht32f5xxxx_cmp.c                         0x00000000   Number         0  ht32f5xxxx_cmp.o ABSOLUTE
    ht32f5xxxx_crc.c                         0x00000000   Number         0  ht32f5xxxx_crc.o ABSOLUTE
    ht32f5xxxx_dac.c                         0x00000000   Number         0  ht32f5xxxx_dac.o ABSOLUTE
    ht32f5xxxx_div.c                         0x00000000   Number         0  ht32f5xxxx_div.o ABSOLUTE
    ht32f5xxxx_ebi.c                         0x00000000   Number         0  ht32f5xxxx_ebi.o ABSOLUTE
    ht32f5xxxx_exti.c                        0x00000000   Number         0  ht32f5xxxx_exti.o ABSOLUTE
    ht32f5xxxx_flash.c                       0x00000000   Number         0  ht32f5xxxx_flash.o ABSOLUTE
    ht32f5xxxx_gpio.c                        0x00000000   Number         0  ht32f5xxxx_gpio.o ABSOLUTE
    ht32f5xxxx_i2c.c                         0x00000000   Number         0  ht32f5xxxx_i2c.o ABSOLUTE
    ht32f5xxxx_i2s.c                         0x00000000   Number         0  ht32f5xxxx_i2s.o ABSOLUTE
    ht32f5xxxx_mctm.c                        0x00000000   Number         0  ht32f5xxxx_mctm.o ABSOLUTE
    ht32f5xxxx_pdma.c                        0x00000000   Number         0  ht32f5xxxx_pdma.o ABSOLUTE
    ht32f5xxxx_pwrcu.c                       0x00000000   Number         0  ht32f5xxxx_pwrcu.o ABSOLUTE
    ht32f5xxxx_rstcu.c                       0x00000000   Number         0  ht32f5xxxx_rstcu.o ABSOLUTE
    ht32f5xxxx_rtc.c                         0x00000000   Number         0  ht32f5xxxx_rtc.o ABSOLUTE
    ht32f5xxxx_sci.c                         0x00000000   Number         0  ht32f5xxxx_sci.o ABSOLUTE
    ht32f5xxxx_spi.c                         0x00000000   Number         0  ht32f5xxxx_spi.o ABSOLUTE
    ht32f5xxxx_tm.c                          0x00000000   Number         0  ht32f5xxxx_tm.o ABSOLUTE
    ht32f5xxxx_usart.c                       0x00000000   Number         0  ht32f5xxxx_usart.o ABSOLUTE
    ht32f5xxxx_usbd.c                        0x00000000   Number         0  ht32f5xxxx_usbd.o ABSOLUTE
    ht32f5xxxx_wdt.c                         0x00000000   Number         0  ht32f5xxxx_wdt.o ABSOLUTE
    i2c_eeprom.c                             0x00000000   Number         0  i2c_eeprom.o ABSOLUTE
    i2c_master.c                             0x00000000   Number         0  i2c_master.o ABSOLUTE
    init.s                                   0x00000000   Number         0  init.o ABSOLUTE
    main.c                                   0x00000000   Number         0  main.o ABSOLUTE
    spi_flash.c                              0x00000000   Number         0  spi_flash.o ABSOLUTE
    spi_module.c                             0x00000000   Number         0  spi_module.o ABSOLUTE
    startup_ht32f5xxxx_03.s                  0x00000000   Number         0  startup_ht32f5xxxx_03.o ABSOLUTE
    system_ht32f5xxxx_03.c                   0x00000000   Number         0  system_ht32f5xxxx_03.o ABSOLUTE
    uart_module.c                            0x00000000   Number         0  uart_module.o ABSOLUTE
    usb_init.c                               0x00000000   Number         0  usb_init.o ABSOLUTE
    RESET                                    0x00000000   Section      356  startup_ht32f5xxxx_03.o(RESET)
    BootProcess                              0x000000cd   Thumb Code    94  startup_ht32f5xxxx_03.o(RESET)
    .ARM.Collect$$$$00000000                 0x00000164   Section        0  entry.o(.ARM.Collect$$$$00000000)
    .ARM.Collect$$$$00000001                 0x00000164   Section        4  entry2.o(.ARM.Collect$$$$00000001)
    .ARM.Collect$$$$00000004                 0x00000168   Section        4  entry5.o(.ARM.Collect$$$$00000004)
    .ARM.Collect$$$$00000008                 0x0000016c   Section        0  entry7b.o(.ARM.Collect$$$$00000008)
    .ARM.Collect$$$$0000000A                 0x0000016c   Section        0  entry8b.o(.ARM.Collect$$$$0000000A)
    .ARM.Collect$$$$0000000B                 0x0000016c   Section        8  entry9a.o(.ARM.Collect$$$$0000000B)
    __lit__00000000                          0x00000174   Data           4  entry2.o(.ARM.Collect$$$$00002712)
    .ARM.Collect$$$$0000000D                 0x00000174   Section        0  entry10a.o(.ARM.Collect$$$$0000000D)
    .ARM.Collect$$$$0000000F                 0x00000174   Section        0  entry11a.o(.ARM.Collect$$$$0000000F)
    .ARM.Collect$$$$00002712                 0x00000174   Section        4  entry2.o(.ARM.Collect$$$$00002712)
    .text                                    0x00000178   Section        0  memcpya.o(.text)
    .text                                    0x0000019c   Section        0  memseta.o(.text)
    .text                                    0x000001c0   Section        0  strstr.o(.text)
    .text                                    0x000001e8   Section        0  strchr.o(.text)
    .text                                    0x000001fc   Section        0  strlen.o(.text)
    .text                                    0x0000020a   Section        0  strcmp.o(.text)
    .text                                    0x00000226   Section        0  strspn.o(.text)
    .text                                    0x00000246   Section        0  atoi.o(.text)
    .text                                    0x00000260   Section        0  uidiv_div0.o(.text)
    .text                                    0x000002a0   Section        0  strtol.o(.text)
    .text                                    0x00000310   Section       48  init.o(.text)
    .text                                    0x00000340   Section        0  ctype_o.o(.text)
    .text                                    0x00000348   Section        0  _strtoul.o(.text)
    .text                                    0x000003ee   Section        0  _chval.o(.text)
    [Anonymous Symbol]                       0x0000040c   Section        0  ht32f5xxxx_gpio.o(.text.AFIO_GPxConfig)
    __arm_cp.19_0                            0x00000584   Number         4  ht32f5xxxx_gpio.o(.text.AFIO_GPxConfig)
    [Anonymous Symbol]                       0x00000588   Section        0  bmc81m001.o(.text.BMC81M001_Init)
    [Anonymous Symbol]                       0x000005ac   Section        0  bmc81m001.o(.text.BMC81M001_connectTCP)
    __arm_cp.5_0                             0x00000638   Number         4  bmc81m001.o(.text.BMC81M001_connectTCP)
    __arm_cp.5_1                             0x0000063c   Number         4  bmc81m001.o(.text.BMC81M001_connectTCP)
    [Anonymous Symbol]                       0x00000640   Section        0  bmc81m001.o(.text.BMC81M001_connectToAP)
    __arm_cp.2_0                             0x000006d4   Number         4  bmc81m001.o(.text.BMC81M001_connectToAP)
    [Anonymous Symbol]                       0x000006e8   Section        0  bmc81m001.o(.text.BMC81M001_readBytes)
    [Anonymous Symbol]                       0x000007a0   Section        0  bmc81m001.o(.text.BMC81M001_readDataTcp)
    __arm_cp.8_0                             0x0000085c   Number         4  bmc81m001.o(.text.BMC81M001_readDataTcp)
    __arm_cp.8_1                             0x00000860   Number         4  bmc81m001.o(.text.BMC81M001_readDataTcp)
    __arm_cp.8_2                             0x00000864   Number         4  bmc81m001.o(.text.BMC81M001_readDataTcp)
    __arm_cp.8_4                             0x00000870   Number         4  bmc81m001.o(.text.BMC81M001_readDataTcp)
    [Anonymous Symbol]                       0x00000874   Section        0  bmc81m001.o(.text.BMC81M001_sendATCommand)
    __arm_cp.3_0                             0x00000910   Number         4  bmc81m001.o(.text.BMC81M001_sendATCommand)
    __arm_cp.3_1                             0x00000914   Number         4  bmc81m001.o(.text.BMC81M001_sendATCommand)
    __arm_cp.3_3                             0x00000918   Number         4  bmc81m001.o(.text.BMC81M001_sendATCommand)
    [Anonymous Symbol]                       0x0000091c   Section        0  bmc81m001.o(.text.BMC81M001_writeBytes)
    __arm_cp.18_0                            0x00000a04   Number         4  bmc81m001.o(.text.BMC81M001_writeBytes)
    __arm_cp.18_1                            0x00000a08   Number         4  bmc81m001.o(.text.BMC81M001_writeBytes)
    __arm_cp.18_3                            0x00000a0c   Number         4  bmc81m001.o(.text.BMC81M001_writeBytes)
    [Anonymous Symbol]                       0x00000a10   Section        0  bmc81m001.o(.text.BMC81M001_writeDataTcp)
    __arm_cp.6_0                             0x00000abc   Number         4  bmc81m001.o(.text.BMC81M001_writeDataTcp)
    __arm_cp.6_1                             0x00000ac0   Number         4  bmc81m001.o(.text.BMC81M001_writeDataTcp)
    __arm_cp.6_2                             0x00000ac4   Number         4  bmc81m001.o(.text.BMC81M001_writeDataTcp)
    [Anonymous Symbol]                       0x00000ac8   Section        0  bmv31t001.o(.text.BMV31T001_Init)
    __arm_cp.1_0                             0x00000c30   Number         4  bmv31t001.o(.text.BMV31T001_Init)
    __arm_cp.1_1                             0x00000c34   Number         4  bmv31t001.o(.text.BMV31T001_Init)
    __arm_cp.1_2                             0x00000c38   Number         4  bmv31t001.o(.text.BMV31T001_Init)
    __arm_cp.1_3                             0x00000c3c   Number         4  bmv31t001.o(.text.BMV31T001_Init)
    __arm_cp.1_4                             0x00000c40   Number         4  bmv31t001.o(.text.BMV31T001_Init)
    __arm_cp.1_5                             0x00000c44   Number         4  bmv31t001.o(.text.BMV31T001_Init)
    [Anonymous Symbol]                       0x00000c48   Section        0  bmv31t001.o(.text.BMV31T001_isPlaying)
    __arm_cp.10_0                            0x00000c58   Number         4  bmv31t001.o(.text.BMV31T001_isPlaying)
    [Anonymous Symbol]                       0x00000c5c   Section        0  bmv31t001.o(.text.BMV31T001_playStop)
    [Anonymous Symbol]                       0x00000d0c   Section        0  bmv31t001.o(.text.BMV31T001_playVoice)
    [Anonymous Symbol]                       0x00000dd8   Section        0  bmv31t001.o(.text.BMV31T001_setPower)
    [Anonymous Symbol]                       0x00000df8   Section        0  bmv31t001.o(.text.BMV31T001_setVolume)
    __arm_cp.2_0                             0x00000f50   Number         4  bmv31t001.o(.text.BMV31T001_setVolume)
    [Anonymous Symbol]                       0x00000f54   Section        0  ht32_usbd_class.o(.text.Buffer_GetLength)
    [Anonymous Symbol]                       0x00000f68   Section        0  ht32_usbd_class.o(.text.Buffer_Init)
    [Anonymous Symbol]                       0x00000f74   Section        0  ht32_usbd_class.o(.text.Buffer_ReadByte)
    [Anonymous Symbol]                       0x00000f96   Section        0  ht32_usbd_class.o(.text.Buffer_Write)
    [Anonymous Symbol]                       0x00000fda   Section        0  ht32_usbd_class.o(.text.Buffer_WriteByte)
    [Anonymous Symbol]                       0x00001004   Section        0  ht32_usbd_class.o(.text.Buffer_isEmpty)
    [Anonymous Symbol]                       0x00001010   Section        0  ht32f5xxxx_ckcu.o(.text.CKCU_GetPeripFrequency)
    __arm_cp.18_0                            0x000010a4   Number         4  ht32f5xxxx_ckcu.o(.text.CKCU_GetPeripFrequency)
    __arm_cp.18_1                            0x000010a8   Number         4  ht32f5xxxx_ckcu.o(.text.CKCU_GetPeripFrequency)
    [Anonymous Symbol]                       0x000010ac   Section        0  ht32f5xxxx_ckcu.o(.text.CKCU_PeripClockConfig)
    __arm_cp.31_0                            0x000010e0   Number         4  ht32f5xxxx_ckcu.o(.text.CKCU_PeripClockConfig)
    [Anonymous Symbol]                       0x000010e4   Section        0  ht32f5xxxx_gpio.o(.text.GPIO_ClearOutBits)
    [Anonymous Symbol]                       0x000010e8   Section        0  ht32f5xxxx_gpio.o(.text.GPIO_DirectionConfig)
    [Anonymous Symbol]                       0x000010fc   Section        0  ht32f5xxxx_gpio.o(.text.GPIO_PullResistorConfig)
    [Anonymous Symbol]                       0x0000111e   Section        0  ht32_board.o(.text.HT32F_DVB_COMInit)
    [Anonymous Symbol]                       0x00001170   Section        0  ht32f5xxxx_01_it.o(.text.HardFault_Handler)
    __arm_cp.1_0                             0x0000118c   Number         4  ht32f5xxxx_01_it.o(.text.HardFault_Handler)
    [Anonymous Symbol]                       0x00001190   Section        0  i2c_master.o(.text.I2C0_IRQHandler)
    [Anonymous Symbol]                       0x000011a0   Section        0  i2c_master.o(.text.I2C1_IRQHandler)
    [Anonymous Symbol]                       0x000011ac   Section        0  i2c_master.o(.text.I2CMaster_IRQHandler)
    __arm_cp.10_0                            0x0000139c   Number         4  i2c_master.o(.text.I2CMaster_IRQHandler)
    __arm_cp.10_1                            0x000013a0   Number         4  i2c_master.o(.text.I2CMaster_IRQHandler)
    __arm_cp.10_2                            0x000013a4   Number         4  i2c_master.o(.text.I2CMaster_IRQHandler)
    __arm_cp.10_3                            0x000013a8   Number         4  i2c_master.o(.text.I2CMaster_IRQHandler)
    __arm_cp.10_4                            0x000013ac   Number         4  i2c_master.o(.text.I2CMaster_IRQHandler)
    __arm_cp.10_5                            0x000013b0   Number         4  i2c_master.o(.text.I2CMaster_IRQHandler)
    __arm_cp.10_6                            0x000013b4   Number         4  i2c_master.o(.text.I2CMaster_IRQHandler)
    __arm_cp.10_7                            0x000013b8   Number         4  i2c_master.o(.text.I2CMaster_IRQHandler)
    [Anonymous Symbol]                       0x000013bc   Section        0  ht32f5xxxx_i2c.o(.text.I2C_AckCmd)
    [Anonymous Symbol]                       0x000013cc   Section        0  ht32f5xxxx_i2c.o(.text.I2C_ClearFlag)
    [Anonymous Symbol]                       0x000013d0   Section        0  ht32f5xxxx_i2c.o(.text.I2C_Cmd)
    [Anonymous Symbol]                       0x000013e2   Section        0  ht32f5xxxx_i2c.o(.text.I2C_GenerateSTOP)
    [Anonymous Symbol]                       0x000013ec   Section        0  ht32f5xxxx_i2c.o(.text.I2C_GetFlagStatus)
    [Anonymous Symbol]                       0x000013f6   Section        0  ht32f5xxxx_i2c.o(.text.I2C_IntConfig)
    [Anonymous Symbol]                       0x0000140a   Section        0  ht32f5xxxx_i2c.o(.text.I2C_ReadRegister)
    [Anonymous Symbol]                       0x00001420   Section        0  ht32f5xxxx_i2c.o(.text.I2C_ReceiveData)
    [Anonymous Symbol]                       0x00001426   Section        0  ht32f5xxxx_i2c.o(.text.I2C_SendData)
    [Anonymous Symbol]                       0x0000142a   Section        0  ht32f5xxxx_i2c.o(.text.I2C_TargetAddressConfig)
    [Anonymous Symbol]                       0x00001450   Section        0  ht32f5xxxx_01_it.o(.text.NMI_Handler)
    [Anonymous Symbol]                       0x00001452   Section        0  ht32f5xxxx_01_it.o(.text.PendSV_Handler)
    [Anonymous Symbol]                       0x00001454   Section        0  spi_module.o(.text.QSPI_IRQHandler)
    [Anonymous Symbol]                       0x0000145e   Section        0  ht32_retarget.o(.text.RETARGET_Configuration)
    [Anonymous Symbol]                       0x00001480   Section        0  ht32_serial.o(.text.SERIAL_PutChar)
    __arm_cp.0_0                             0x000014a8   Number         4  ht32_serial.o(.text.SERIAL_PutChar)
    [Anonymous Symbol]                       0x000014ac   Section        0  spi_module.o(.text.SPI0_IRQHandler)
    [Anonymous Symbol]                       0x000014b6   Section        0  spi_module.o(.text.SPI1_IRQHandler)
    [Anonymous Symbol]                       0x000014c0   Section        0  ht32f5xxxx_spi.o(.text.SPI_ClearFlag)
    [Anonymous Symbol]                       0x000014c4   Section        0  ht32f5xxxx_spi.o(.text.SPI_GetFIFOStatus)
    [Anonymous Symbol]                       0x000014d6   Section        0  ht32f5xxxx_spi.o(.text.SPI_GetFlagStatus)
    [Anonymous Symbol]                       0x000014e0   Section        0  ht32f5xxxx_spi.o(.text.SPI_IntConfig)
    [Anonymous Symbol]                       0x000014f4   Section        0  ht32f5xxxx_spi.o(.text.SPI_ReceiveData)
    [Anonymous Symbol]                       0x000014fa   Section        0  ht32f5xxxx_spi.o(.text.SPI_SendData)
    [Anonymous Symbol]                       0x000014fe   Section        0  ht32f5xxxx_01_it.o(.text.SVC_Handler)
    [Anonymous Symbol]                       0x00001500   Section        0  main.o(.text.ScanUnsignedDecimal)
    __arm_cp.7_0                             0x0000161c   Number         4  main.o(.text.ScanUnsignedDecimal)
    [Anonymous Symbol]                       0x00001654   Section        0  delay.o(.text.SysTick_Handler)
    __arm_cp.2_0                             0x00001660   Number         4  delay.o(.text.SysTick_Handler)
    [Anonymous Symbol]                       0x00001664   Section        0  system_ht32f5xxxx_03.o(.text.SystemInit)
    __arm_cp.0_0                             0x000017d0   Number         4  system_ht32f5xxxx_03.o(.text.SystemInit)
    __arm_cp.0_1                             0x000017d4   Number         4  system_ht32f5xxxx_03.o(.text.SystemInit)
    __arm_cp.0_2                             0x000017d8   Number         4  system_ht32f5xxxx_03.o(.text.SystemInit)
    __arm_cp.0_3                             0x000017dc   Number         4  system_ht32f5xxxx_03.o(.text.SystemInit)
    [Anonymous Symbol]                       0x000017e0   Section        0  main.o(.text.Time_Regulate)
    __arm_cp.4_0                             0x00001864   Number         4  main.o(.text.Time_Regulate)
    __arm_cp.4_2                             0x00001880   Number         4  main.o(.text.Time_Regulate)
    __arm_cp.4_3                             0x00001884   Number         4  main.o(.text.Time_Regulate)
    [Anonymous Symbol]                       0x000018b8   Section        0  uart_module.o(.text.UART0_UART2_IRQHandler)
    [Anonymous Symbol]                       0x000018c2   Section        0  uart_module.o(.text.UART1_UART3_IRQHandler)
    [Anonymous Symbol]                       0x000018d4   Section        0  uart_module.o(.text.UARTM_GetReadBufferLength)
    [Anonymous Symbol]                       0x000018e4   Section        0  uart_module.o(.text.UARTM_Init)
    __arm_cp.0_2                             0x00001b74   Number         4  uart_module.o(.text.UARTM_Init)
    __arm_cp.0_4                             0x00001b78   Number         4  uart_module.o(.text.UARTM_Init)
    __arm_cp.0_6                             0x00001b7c   Number         4  uart_module.o(.text.UARTM_Init)
    __arm_cp.0_7                             0x00001b80   Number         4  uart_module.o(.text.UARTM_Init)
    __arm_cp.0_9                             0x00001b84   Number         4  uart_module.o(.text.UARTM_Init)
    __arm_cp.0_11                            0x00001b88   Number         4  uart_module.o(.text.UARTM_Init)
    [Anonymous Symbol]                       0x00001b8c   Section        0  uart_module.o(.text.UARTM_ReadByte)
    __arm_cp.3_0                             0x00001b9c   Number         4  uart_module.o(.text.UARTM_ReadByte)
    [Anonymous Symbol]                       0x00001ba0   Section        0  uart_module.o(.text.UARTM_Write)
    __arm_cp.2_0                             0x00001bf0   Number         4  uart_module.o(.text.UARTM_Write)
    __arm_cp.2_1                             0x00001bf4   Number         4  uart_module.o(.text.UARTM_Write)
    [Anonymous Symbol]                       0x00001bf8   Section        0  uart_module.o(.text.USART0_IRQHandler)
    [Anonymous Symbol]                       0x00001c02   Section        0  uart_module.o(.text.USART1_IRQHandler)
    [Anonymous Symbol]                       0x00001c0c   Section        0  ht32f5xxxx_usart.o(.text.USART_ClearFlag)
    [Anonymous Symbol]                       0x00001c14   Section        0  ht32f5xxxx_usart.o(.text.USART_GetFIFOStatus)
    [Anonymous Symbol]                       0x00001c28   Section        0  ht32f5xxxx_usart.o(.text.USART_GetFlagStatus)
    [Anonymous Symbol]                       0x00001c32   Section        0  ht32f5xxxx_usart.o(.text.USART_GetIntStatus)
    [Anonymous Symbol]                       0x00001c3c   Section        0  ht32f5xxxx_usart.o(.text.USART_Init)
    __arm_cp.1_0                             0x00001cac   Number         4  ht32f5xxxx_usart.o(.text.USART_Init)
    __arm_cp.1_1                             0x00001cb0   Number         4  ht32f5xxxx_usart.o(.text.USART_Init)
    __arm_cp.1_2                             0x00001cb4   Number         4  ht32f5xxxx_usart.o(.text.USART_Init)
    __arm_cp.1_3                             0x00001cb8   Number         4  ht32f5xxxx_usart.o(.text.USART_Init)
    __arm_cp.1_4                             0x00001cbc   Number         4  ht32f5xxxx_usart.o(.text.USART_Init)
    __arm_cp.1_5                             0x00001cc0   Number         4  ht32f5xxxx_usart.o(.text.USART_Init)
    __arm_cp.1_6                             0x00001cc4   Number         4  ht32f5xxxx_usart.o(.text.USART_Init)
    [Anonymous Symbol]                       0x00001cc8   Section        0  ht32f5xxxx_usart.o(.text.USART_IntConfig)
    [Anonymous Symbol]                       0x00001cdc   Section        0  ht32f5xxxx_usart.o(.text.USART_SetTimeOutValue)
    [Anonymous Symbol]                       0x00001cec   Section        0  ht32f5xxxx_usart.o(.text.USART_TXRXTLConfig)
    [Anonymous Symbol]                       0x00001cfe   Section        0  ht32f5xxxx_usart.o(.text.USART_TxRxCmd)
    [Anonymous Symbol]                       0x00001d18   Section        0  spi_module.o(.text._SPIAPI_IRQHandler)
    __arm_cp.10_0                            0x00001f38   Number         4  spi_module.o(.text._SPIAPI_IRQHandler)
    _UARTM_IRQHandler                        0x00001f3d   Thumb Code   428  uart_module.o(.text._UARTM_IRQHandler)
    [Anonymous Symbol]                       0x00001f3c   Section        0  uart_module.o(.text._UARTM_IRQHandler)
    __arm_cp.10_0                            0x000020e8   Number         4  uart_module.o(.text._UARTM_IRQHandler)
    __arm_cp.10_1                            0x000020ec   Number         4  uart_module.o(.text._UARTM_IRQHandler)
    __arm_cp.10_2                            0x000020f0   Number         4  uart_module.o(.text._UARTM_IRQHandler)
    [Anonymous Symbol]                       0x000020f4   Section        0  delay.o(.text.delay_ms)
    __arm_cp.4_0                             0x0000222c   Number         4  delay.o(.text.delay_ms)
    [Anonymous Symbol]                       0x00002230   Section        0  delay.o(.text.delay_us)
    __arm_cp.3_0                             0x00002260   Number         4  delay.o(.text.delay_us)
    [Anonymous Symbol]                       0x00002264   Section        0  ht32_retarget.o(.text.fputc)
    [Anonymous Symbol]                       0x0000226c   Section        0  main.o(.text.main)
    __arm_cp.0_0                             0x000024b4   Number         4  main.o(.text.main)
    __arm_cp.0_1                             0x000024b8   Number         4  main.o(.text.main)
    __arm_cp.0_2                             0x000024bc   Number         4  main.o(.text.main)
    __arm_cp.0_3                             0x000024c0   Number         4  main.o(.text.main)
    __arm_cp.0_12                            0x00002520   Number         4  main.o(.text.main)
    __arm_cp.0_15                            0x0000254c   Number         4  main.o(.text.main)
    __arm_cp.0_16                            0x00002550   Number         4  main.o(.text.main)
    [Anonymous Symbol]                       0x00002554   Section        0  main.o(.text.rtc)
    __arm_cp.3_1                             0x00002630   Number         4  main.o(.text.rtc)
    __arm_cp.3_2                             0x00002634   Number         4  main.o(.text.rtc)
    __arm_cp.3_3                             0x00002638   Number         4  main.o(.text.rtc)
    __arm_cp.3_5                             0x0000264c   Number         4  main.o(.text.rtc)
    writeCmd                                 0x0000267d   Thumb Code   968  bmv31t001.o(.text.writeCmd)
    [Anonymous Symbol]                       0x0000267c   Section        0  bmv31t001.o(.text.writeCmd)
    __arm_cp.3_0                             0x00002a44   Number         4  bmv31t001.o(.text.writeCmd)
    i.__0printf$6                            0x00002a48   Section        0  printf6.o(i.__0printf$6)
    i.__0sprintf$6                           0x00002a68   Section        0  printf6.o(i.__0sprintf$6)
    i.__aeabi_errno_addr                     0x00002a90   Section        0  errno.o(i.__aeabi_errno_addr)
    i.__scatterload_copy                     0x00002a98   Section       14  handlers.o(i.__scatterload_copy)
    i.__scatterload_null                     0x00002aa6   Section        2  handlers.o(i.__scatterload_null)
    i.__scatterload_zeroinit                 0x00002aa8   Section       14  handlers.o(i.__scatterload_zeroinit)
    _printf_core                             0x00002ab9   Thumb Code   768  printf6.o(i._printf_core)
    i._printf_core                           0x00002ab8   Section        0  printf6.o(i._printf_core)
    _printf_post_padding                     0x00002dbd   Thumb Code    32  printf6.o(i._printf_post_padding)
    i._printf_post_padding                   0x00002dbc   Section        0  printf6.o(i._printf_post_padding)
    _printf_pre_padding                      0x00002ddd   Thumb Code    44  printf6.o(i._printf_pre_padding)
    i._printf_pre_padding                    0x00002ddc   Section        0  printf6.o(i._printf_pre_padding)
    _sputc                                   0x00002e09   Thumb Code    10  printf6.o(i._sputc)
    i._sputc                                 0x00002e08   Section        0  printf6.o(i._sputc)
    i.free                                   0x00002e14   Section        0  malloc.o(i.free)
    i.malloc                                 0x00002e68   Section        0  malloc.o(i.malloc)
    i.puts                                   0x00002ed4   Section        0  puts.o(i.puts)
    .constdata                               0x00002ef4   Section      129  ctype_o.o(.constdata)
    table                                    0x00002f78   Data           4  ctype_o.o(.constdata)
    .constdata                               0x00002f78   Section        4  ctype_o.o(.constdata)
    [Anonymous Symbol]                       0x00002f7c   Section        0  bmc81m001.o(.rodata..L__const.BMC81M001_connectTCP.cmd)
    [Anonymous Symbol]                       0x00003044   Section        0  bmc81m001.o(.rodata..L__const.BMC81M001_connectToAP.cmd)
    [Anonymous Symbol]                       0x0000310c   Section        0  bmc81m001.o(.rodata..L__const.BMC81M001_writeDataTcp.cmd)
    [Anonymous Symbol]                       0x000031d4   Section        0  main.o(.rodata.str1.1)
    [Anonymous Symbol]                       0x00003242   Section        0  bmc81m001.o(.rodata.str1.1)
    .data                                    0x20000000   Section        4  stdout.o(.data)
    .data                                    0x20000004   Section        4  mvars.o(.data)
    .data                                    0x20000008   Section        4  mvars.o(.data)
    _errno                                   0x2000000c   Data           4  errno.o(.data)
    .data                                    0x2000000c   Section        4  errno.o(.data)
    HardFault_Handler.gIsContinue            0x20000100   Data           4  ht32f5xxxx_01_it.o(.bss.HardFault_Handler.gIsContinue)
    [Anonymous Symbol]                       0x20000100   Section        0  ht32f5xxxx_01_it.o(.bss.HardFault_Handler.gIsContinue)
    _flashAddr                               0x200001d0   Data           4  bmv31t001.o(.bss._flashAddr)
    [Anonymous Symbol]                       0x200001d0   Section        0  bmv31t001.o(.bss._flashAddr)
    _isKey                                   0x200001d4   Data           1  bmv31t001.o(.bss._isKey)
    [Anonymous Symbol]                       0x200001d4   Section        0  bmv31t001.o(.bss._isKey)
    _keyValue                                0x200001d5   Data           1  bmv31t001.o(.bss._keyValue)
    [Anonymous Symbol]                       0x200001d5   Section        0  bmv31t001.o(.bss._keyValue)
    gI2CMasterState                          0x200001d8   Data         272  i2c_master.o(.bss.gI2CMasterState)
    [Anonymous Symbol]                       0x200001d8   Section        0  i2c_master.o(.bss.gI2CMasterState)
    gUARTModuleState                         0x20000328   Data          40  uart_module.o(.bss.gUARTModuleState)
    [Anonymous Symbol]                       0x20000328   Section        0  uart_module.o(.bss.gUARTModuleState)
    HEAP                                     0x200009c0   Section        0  startup_ht32f5xxxx_03.o(HEAP)
    STACK                                    0x200009c0   Section     1024  startup_ht32f5xxxx_03.o(STACK)

    Global Symbols

    Symbol Name                              Value     Ov Type        Size  Object(Section)

    BuildAttributes$$THM_ISAv3M$S$PE$A:L22$X:L11$S22$IEEE1$IW$~IW$USESV6$~STKCKD$USESV7$~SHL$OTIME$ROPI$EBA8$MICROLIB$REQ8$PRES8$EABIv2 0x00000000   Number         0  anon$$obj.o ABSOLUTE
    __Vectors                                0x00000000   Data           0  startup_ht32f5xxxx_03.o(RESET)
    _printf_a                                0x00000000   Number         0  printfstubs.o ABSOLUTE
    _printf_c                                0x00000000   Number         0  printfstubs.o ABSOLUTE
    _printf_charcount                        0x00000000   Number         0  printfstubs.o ABSOLUTE
    _printf_d                                0x00000000   Number         0  printfstubs.o ABSOLUTE
    _printf_e                                0x00000000   Number         0  printfstubs.o ABSOLUTE
    _printf_f                                0x00000000   Number         0  printfstubs.o ABSOLUTE
    _printf_flags                            0x00000000   Number         0  printfstubs.o ABSOLUTE
    _printf_fp_dec                           0x00000000   Number         0  printfstubs.o ABSOLUTE
    _printf_fp_hex                           0x00000000   Number         0  printfstubs.o ABSOLUTE
    _printf_g                                0x00000000   Number         0  printfstubs.o ABSOLUTE
    _printf_i                                0x00000000   Number         0  printfstubs.o ABSOLUTE
    _printf_int_dec                          0x00000000   Number         0  printfstubs.o ABSOLUTE
    _printf_l                                0x00000000   Number         0  printfstubs.o ABSOLUTE
    _printf_lc                               0x00000000   Number         0  printfstubs.o ABSOLUTE
    _printf_ll                               0x00000000   Number         0  printfstubs.o ABSOLUTE
    _printf_lld                              0x00000000   Number         0  printfstubs.o ABSOLUTE
    _printf_lli                              0x00000000   Number         0  printfstubs.o ABSOLUTE
    _printf_llo                              0x00000000   Number         0  printfstubs.o ABSOLUTE
    _printf_llu                              0x00000000   Number         0  printfstubs.o ABSOLUTE
    _printf_llx                              0x00000000   Number         0  printfstubs.o ABSOLUTE
    _printf_longlong_dec                     0x00000000   Number         0  printfstubs.o ABSOLUTE
    _printf_longlong_hex                     0x00000000   Number         0  printfstubs.o ABSOLUTE
    _printf_longlong_oct                     0x00000000   Number         0  printfstubs.o ABSOLUTE
    _printf_ls                               0x00000000   Number         0  printfstubs.o ABSOLUTE
    _printf_mbtowc                           0x00000000   Number         0  printfstubs.o ABSOLUTE
    _printf_n                                0x00000000   Number         0  printfstubs.o ABSOLUTE
    _printf_o                                0x00000000   Number         0  printfstubs.o ABSOLUTE
    _printf_p                                0x00000000   Number         0  printfstubs.o ABSOLUTE
    _printf_percent                          0x00000000   Number         0  printfstubs.o ABSOLUTE
    _printf_pre_padding                      0x00000000   Number         0  printfstubs.o ABSOLUTE
    _printf_return_value                     0x00000000   Number         0  printfstubs.o ABSOLUTE
    _printf_s                                0x00000000   Number         0  printfstubs.o ABSOLUTE
    _printf_sizespec                         0x00000000   Number         0  printfstubs.o ABSOLUTE
    _printf_str                              0x00000000   Number         0  printfstubs.o ABSOLUTE
    _printf_truncate_signed                  0x00000000   Number         0  printfstubs.o ABSOLUTE
    _printf_truncate_unsigned                0x00000000   Number         0  printfstubs.o ABSOLUTE
    _printf_u                                0x00000000   Number         0  printfstubs.o ABSOLUTE
    _printf_wc                               0x00000000   Number         0  printfstubs.o ABSOLUTE
    _printf_wctomb                           0x00000000   Number         0  printfstubs.o ABSOLUTE
    _printf_widthprec                        0x00000000   Number         0  printfstubs.o ABSOLUTE
    _printf_x                                0x00000000   Number         0  printfstubs.o ABSOLUTE
    __cpp_initialize__aeabi_                  - Undefined Weak Reference
    __cxa_finalize                            - Undefined Weak Reference
    __decompress                              - Undefined Weak Reference
    _clock_init                               - Undefined Weak Reference
    _microlib_exit                            - Undefined Weak Reference
    Reset_Handler                            0x000000c1   Thumb Code    12  startup_ht32f5xxxx_03.o(RESET)
    ADC_IRQHandler                           0x00000135   Thumb Code     0  startup_ht32f5xxxx_03.o(RESET)
    AES_IRQHandler                           0x00000135   Thumb Code     0  startup_ht32f5xxxx_03.o(RESET)
    BFTM0_IRQHandler                         0x00000135   Thumb Code     0  startup_ht32f5xxxx_03.o(RESET)
    BFTM1_IRQHandler                         0x00000135   Thumb Code     0  startup_ht32f5xxxx_03.o(RESET)
    COMP_DAC_IRQHandler                      0x00000135   Thumb Code     0  startup_ht32f5xxxx_03.o(RESET)
    COMP_IRQHandler                          0x00000135   Thumb Code     0  startup_ht32f5xxxx_03.o(RESET)
    EVWUP_IRQHandler                         0x00000135   Thumb Code     0  startup_ht32f5xxxx_03.o(RESET)
    EXTI0_1_IRQHandler                       0x00000135   Thumb Code     0  startup_ht32f5xxxx_03.o(RESET)
    EXTI2_3_IRQHandler                       0x00000135   Thumb Code     0  startup_ht32f5xxxx_03.o(RESET)
    EXTI4_15_IRQHandler                      0x00000135   Thumb Code     0  startup_ht32f5xxxx_03.o(RESET)
    FLASH_IRQHandler                         0x00000135   Thumb Code     0  startup_ht32f5xxxx_03.o(RESET)
    GPTM0_IRQHandler                         0x00000135   Thumb Code     0  startup_ht32f5xxxx_03.o(RESET)
    I2S_IRQHandler                           0x00000135   Thumb Code     0  startup_ht32f5xxxx_03.o(RESET)
    LVD_BOD_IRQHandler                       0x00000135   Thumb Code     0  startup_ht32f5xxxx_03.o(RESET)
    MCTM0_IRQHandler                         0x00000135   Thumb Code     0  startup_ht32f5xxxx_03.o(RESET)
    PDMA_CH0_1_IRQHandler                    0x00000135   Thumb Code     0  startup_ht32f5xxxx_03.o(RESET)
    PDMA_CH2_5_IRQHandler                    0x00000135   Thumb Code     0  startup_ht32f5xxxx_03.o(RESET)
    PWM0_IRQHandler                          0x00000135   Thumb Code     0  startup_ht32f5xxxx_03.o(RESET)
    PWM1_IRQHandler                          0x00000135   Thumb Code     0  startup_ht32f5xxxx_03.o(RESET)
    RTC_IRQHandler                           0x00000135   Thumb Code     0  startup_ht32f5xxxx_03.o(RESET)
    SCI_IRQHandler                           0x00000135   Thumb Code     0  startup_ht32f5xxxx_03.o(RESET)
    SCTM0_IRQHandler                         0x00000135   Thumb Code     0  startup_ht32f5xxxx_03.o(RESET)
    SCTM1_IRQHandler                         0x00000135   Thumb Code     0  startup_ht32f5xxxx_03.o(RESET)
    UART0_IRQHandler                         0x00000135   Thumb Code     0  startup_ht32f5xxxx_03.o(RESET)
    UART1_IRQHandler                         0x00000135   Thumb Code     0  startup_ht32f5xxxx_03.o(RESET)
    USB_IRQHandler                           0x00000135   Thumb Code     0  startup_ht32f5xxxx_03.o(RESET)
    __main                                   0x00000165   Thumb Code     0  entry.o(.ARM.Collect$$$$00000000)
    _main_stk                                0x00000165   Thumb Code     0  entry2.o(.ARM.Collect$$$$00000001)
    _main_scatterload                        0x00000169   Thumb Code     0  entry5.o(.ARM.Collect$$$$00000004)
    __main_after_scatterload                 0x0000016d   Thumb Code     0  entry5.o(.ARM.Collect$$$$00000004)
    _main_clock                              0x0000016d   Thumb Code     0  entry7b.o(.ARM.Collect$$$$00000008)
    _main_cpp_init                           0x0000016d   Thumb Code     0  entry8b.o(.ARM.Collect$$$$0000000A)
    _main_init                               0x0000016d   Thumb Code     0  entry9a.o(.ARM.Collect$$$$0000000B)
    __rt_final_cpp                           0x00000175   Thumb Code     0  entry10a.o(.ARM.Collect$$$$0000000D)
    __rt_final_exit                          0x00000175   Thumb Code     0  entry11a.o(.ARM.Collect$$$$0000000F)
    __aeabi_memcpy                           0x00000179   Thumb Code    36  memcpya.o(.text)
    __aeabi_memcpy4                          0x00000179   Thumb Code     0  memcpya.o(.text)
    __aeabi_memcpy8                          0x00000179   Thumb Code     0  memcpya.o(.text)
    __aeabi_memset                           0x0000019d   Thumb Code    14  memseta.o(.text)
    __aeabi_memset4                          0x0000019d   Thumb Code     0  memseta.o(.text)
    __aeabi_memset8                          0x0000019d   Thumb Code     0  memseta.o(.text)
    __aeabi_memclr                           0x000001ab   Thumb Code     4  memseta.o(.text)
    __aeabi_memclr4                          0x000001ab   Thumb Code     0  memseta.o(.text)
    __aeabi_memclr8                          0x000001ab   Thumb Code     0  memseta.o(.text)
    _memset$wrapper                          0x000001af   Thumb Code    18  memseta.o(.text)
    strstr                                   0x000001c1   Thumb Code    40  strstr.o(.text)
    strchr                                   0x000001e9   Thumb Code    20  strchr.o(.text)
    strlen                                   0x000001fd   Thumb Code    14  strlen.o(.text)
    strcmp                                   0x0000020b   Thumb Code    28  strcmp.o(.text)
    strspn                                   0x00000227   Thumb Code    32  strspn.o(.text)
    atoi                                     0x00000247   Thumb Code    26  atoi.o(.text)
    __aeabi_uidiv                            0x00000261   Thumb Code     0  uidiv_div0.o(.text)
    __aeabi_uidivmod                         0x00000261   Thumb Code    62  uidiv_div0.o(.text)
    strtol                                   0x000002a1   Thumb Code   108  strtol.o(.text)
    __scatterload                            0x00000311   Thumb Code    38  init.o(.text)
    __scatterload_rt2                        0x00000311   Thumb Code     0  init.o(.text)
    __rt_ctype_table                         0x00000341   Thumb Code     4  ctype_o.o(.text)
    _strtoul                                 0x00000349   Thumb Code   166  _strtoul.o(.text)
    _chval                                   0x000003ef   Thumb Code    30  _chval.o(.text)
    AFIO_GPxConfig                           0x0000040d   Thumb Code   376  ht32f5xxxx_gpio.o(.text.AFIO_GPxConfig)
    BMC81M001_Init                           0x00000589   Thumb Code    36  bmc81m001.o(.text.BMC81M001_Init)
    BMC81M001_connectTCP                     0x000005ad   Thumb Code   140  bmc81m001.o(.text.BMC81M001_connectTCP)
    BMC81M001_connectToAP                    0x00000641   Thumb Code   148  bmc81m001.o(.text.BMC81M001_connectToAP)
    BMC81M001_readBytes                      0x000006e9   Thumb Code   184  bmc81m001.o(.text.BMC81M001_readBytes)
    BMC81M001_readDataTcp                    0x000007a1   Thumb Code   188  bmc81m001.o(.text.BMC81M001_readDataTcp)
    BMC81M001_sendATCommand                  0x00000875   Thumb Code   156  bmc81m001.o(.text.BMC81M001_sendATCommand)
    BMC81M001_writeBytes                     0x0000091d   Thumb Code   232  bmc81m001.o(.text.BMC81M001_writeBytes)
    BMC81M001_writeDataTcp                   0x00000a11   Thumb Code   172  bmc81m001.o(.text.BMC81M001_writeDataTcp)
    BMV31T001_Init                           0x00000ac9   Thumb Code   360  bmv31t001.o(.text.BMV31T001_Init)
    BMV31T001_isPlaying                      0x00000c49   Thumb Code    16  bmv31t001.o(.text.BMV31T001_isPlaying)
    BMV31T001_playStop                       0x00000c5d   Thumb Code   176  bmv31t001.o(.text.BMV31T001_playStop)
    BMV31T001_playVoice                      0x00000d0d   Thumb Code   204  bmv31t001.o(.text.BMV31T001_playVoice)
    BMV31T001_setPower                       0x00000dd9   Thumb Code    32  bmv31t001.o(.text.BMV31T001_setPower)
    BMV31T001_setVolume                      0x00000df9   Thumb Code   344  bmv31t001.o(.text.BMV31T001_setVolume)
    Buffer_GetLength                         0x00000f55   Thumb Code    20  ht32_usbd_class.o(.text.Buffer_GetLength)
    Buffer_Init                              0x00000f69   Thumb Code    12  ht32_usbd_class.o(.text.Buffer_Init)
    Buffer_ReadByte                          0x00000f75   Thumb Code    34  ht32_usbd_class.o(.text.Buffer_ReadByte)
    Buffer_Write                             0x00000f97   Thumb Code    68  ht32_usbd_class.o(.text.Buffer_Write)
    Buffer_WriteByte                         0x00000fdb   Thumb Code    42  ht32_usbd_class.o(.text.Buffer_WriteByte)
    Buffer_isEmpty                           0x00001005   Thumb Code    12  ht32_usbd_class.o(.text.Buffer_isEmpty)
    CKCU_GetPeripFrequency                   0x00001011   Thumb Code   148  ht32f5xxxx_ckcu.o(.text.CKCU_GetPeripFrequency)
    CKCU_PeripClockConfig                    0x000010ad   Thumb Code    52  ht32f5xxxx_ckcu.o(.text.CKCU_PeripClockConfig)
    GPIO_ClearOutBits                        0x000010e5   Thumb Code     4  ht32f5xxxx_gpio.o(.text.GPIO_ClearOutBits)
    GPIO_DirectionConfig                     0x000010e9   Thumb Code    20  ht32f5xxxx_gpio.o(.text.GPIO_DirectionConfig)
    GPIO_PullResistorConfig                  0x000010fd   Thumb Code    34  ht32f5xxxx_gpio.o(.text.GPIO_PullResistorConfig)
    HT32F_DVB_COMInit                        0x0000111f   Thumb Code    80  ht32_board.o(.text.HT32F_DVB_COMInit)
    HardFault_Handler                        0x00001171   Thumb Code    28  ht32f5xxxx_01_it.o(.text.HardFault_Handler)
    I2C0_IRQHandler                          0x00001191   Thumb Code    16  i2c_master.o(.text.I2C0_IRQHandler)
    I2C1_IRQHandler                          0x000011a1   Thumb Code    10  i2c_master.o(.text.I2C1_IRQHandler)
    I2CMaster_IRQHandler                     0x000011ad   Thumb Code   496  i2c_master.o(.text.I2CMaster_IRQHandler)
    I2C_AckCmd                               0x000013bd   Thumb Code    16  ht32f5xxxx_i2c.o(.text.I2C_AckCmd)
    I2C_ClearFlag                            0x000013cd   Thumb Code     4  ht32f5xxxx_i2c.o(.text.I2C_ClearFlag)
    I2C_Cmd                                  0x000013d1   Thumb Code    18  ht32f5xxxx_i2c.o(.text.I2C_Cmd)
    I2C_GenerateSTOP                         0x000013e3   Thumb Code    10  ht32f5xxxx_i2c.o(.text.I2C_GenerateSTOP)
    I2C_GetFlagStatus                        0x000013ed   Thumb Code    10  ht32f5xxxx_i2c.o(.text.I2C_GetFlagStatus)
    I2C_IntConfig                            0x000013f7   Thumb Code    20  ht32f5xxxx_i2c.o(.text.I2C_IntConfig)
    I2C_ReadRegister                         0x0000140b   Thumb Code    22  ht32f5xxxx_i2c.o(.text.I2C_ReadRegister)
    I2C_ReceiveData                          0x00001421   Thumb Code     6  ht32f5xxxx_i2c.o(.text.I2C_ReceiveData)
    I2C_SendData                             0x00001427   Thumb Code     4  ht32f5xxxx_i2c.o(.text.I2C_SendData)
    I2C_TargetAddressConfig                  0x0000142b   Thumb Code    38  ht32f5xxxx_i2c.o(.text.I2C_TargetAddressConfig)
    NMI_Handler                              0x00001451   Thumb Code     2  ht32f5xxxx_01_it.o(.text.NMI_Handler)
    PendSV_Handler                           0x00001453   Thumb Code     2  ht32f5xxxx_01_it.o(.text.PendSV_Handler)
    QSPI_IRQHandler                          0x00001455   Thumb Code    10  spi_module.o(.text.QSPI_IRQHandler)
    RETARGET_Configuration                   0x0000145f   Thumb Code    32  ht32_retarget.o(.text.RETARGET_Configuration)
    SERIAL_PutChar                           0x00001481   Thumb Code    40  ht32_serial.o(.text.SERIAL_PutChar)
    SPI0_IRQHandler                          0x000014ad   Thumb Code    10  spi_module.o(.text.SPI0_IRQHandler)
    SPI1_IRQHandler                          0x000014b7   Thumb Code    10  spi_module.o(.text.SPI1_IRQHandler)
    SPI_ClearFlag                            0x000014c1   Thumb Code     4  ht32f5xxxx_spi.o(.text.SPI_ClearFlag)
    SPI_GetFIFOStatus                        0x000014c5   Thumb Code    18  ht32f5xxxx_spi.o(.text.SPI_GetFIFOStatus)
    SPI_GetFlagStatus                        0x000014d7   Thumb Code    10  ht32f5xxxx_spi.o(.text.SPI_GetFlagStatus)
    SPI_IntConfig                            0x000014e1   Thumb Code    20  ht32f5xxxx_spi.o(.text.SPI_IntConfig)
    SPI_ReceiveData                          0x000014f5   Thumb Code     6  ht32f5xxxx_spi.o(.text.SPI_ReceiveData)
    SPI_SendData                             0x000014fb   Thumb Code     4  ht32f5xxxx_spi.o(.text.SPI_SendData)
    SVC_Handler                              0x000014ff   Thumb Code     2  ht32f5xxxx_01_it.o(.text.SVC_Handler)
    ScanUnsignedDecimal                      0x00001501   Thumb Code   284  main.o(.text.ScanUnsignedDecimal)
    SysTick_Handler                          0x00001655   Thumb Code    12  delay.o(.text.SysTick_Handler)
    SystemInit                               0x00001665   Thumb Code   364  system_ht32f5xxxx_03.o(.text.SystemInit)
    Time_Regulate                            0x000017e1   Thumb Code   132  main.o(.text.Time_Regulate)
    UART0_UART2_IRQHandler                   0x000018b9   Thumb Code    10  uart_module.o(.text.UART0_UART2_IRQHandler)
    UART1_UART3_IRQHandler                   0x000018c3   Thumb Code    16  uart_module.o(.text.UART1_UART3_IRQHandler)
    UARTM_GetReadBufferLength                0x000018d5   Thumb Code    16  uart_module.o(.text.UARTM_GetReadBufferLength)
    UARTM_Init                               0x000018e5   Thumb Code   656  uart_module.o(.text.UARTM_Init)
    UARTM_ReadByte                           0x00001b8d   Thumb Code    16  uart_module.o(.text.UARTM_ReadByte)
    UARTM_Write                              0x00001ba1   Thumb Code    80  uart_module.o(.text.UARTM_Write)
    USART0_IRQHandler                        0x00001bf9   Thumb Code    10  uart_module.o(.text.USART0_IRQHandler)
    USART1_IRQHandler                        0x00001c03   Thumb Code    10  uart_module.o(.text.USART1_IRQHandler)
    USART_ClearFlag                          0x00001c0d   Thumb Code     8  ht32f5xxxx_usart.o(.text.USART_ClearFlag)
    USART_GetFIFOStatus                      0x00001c15   Thumb Code    20  ht32f5xxxx_usart.o(.text.USART_GetFIFOStatus)
    USART_GetFlagStatus                      0x00001c29   Thumb Code    10  ht32f5xxxx_usart.o(.text.USART_GetFlagStatus)
    USART_GetIntStatus                       0x00001c33   Thumb Code    10  ht32f5xxxx_usart.o(.text.USART_GetIntStatus)
    USART_Init                               0x00001c3d   Thumb Code   112  ht32f5xxxx_usart.o(.text.USART_Init)
    USART_IntConfig                          0x00001cc9   Thumb Code    20  ht32f5xxxx_usart.o(.text.USART_IntConfig)
    USART_SetTimeOutValue                    0x00001cdd   Thumb Code    16  ht32f5xxxx_usart.o(.text.USART_SetTimeOutValue)
    USART_TXRXTLConfig                       0x00001ced   Thumb Code    18  ht32f5xxxx_usart.o(.text.USART_TXRXTLConfig)
    USART_TxRxCmd                            0x00001cff   Thumb Code    24  ht32f5xxxx_usart.o(.text.USART_TxRxCmd)
    _SPIAPI_IRQHandler                       0x00001d19   Thumb Code   544  spi_module.o(.text._SPIAPI_IRQHandler)
    delay_ms                                 0x000020f5   Thumb Code   312  delay.o(.text.delay_ms)
    delay_us                                 0x00002231   Thumb Code    48  delay.o(.text.delay_us)
    fputc                                    0x00002265   Thumb Code     8  ht32_retarget.o(.text.fputc)
    main                                     0x0000226d   Thumb Code   584  main.o(.text.main)
    rtc                                      0x00002555   Thumb Code   188  main.o(.text.rtc)
    __0printf$6                              0x00002a49   Thumb Code    24  printf6.o(i.__0printf$6)
    __1printf$6                              0x00002a49   Thumb Code     0  printf6.o(i.__0printf$6)
    __2printf                                0x00002a49   Thumb Code     0  printf6.o(i.__0printf$6)
    __0sprintf$6                             0x00002a69   Thumb Code    36  printf6.o(i.__0sprintf$6)
    __1sprintf$6                             0x00002a69   Thumb Code     0  printf6.o(i.__0sprintf$6)
    __2sprintf                               0x00002a69   Thumb Code     0  printf6.o(i.__0sprintf$6)
    __aeabi_errno_addr                       0x00002a91   Thumb Code     4  errno.o(i.__aeabi_errno_addr)
    __rt_errno_addr                          0x00002a91   Thumb Code     0  errno.o(i.__aeabi_errno_addr)
    __scatterload_copy                       0x00002a99   Thumb Code    14  handlers.o(i.__scatterload_copy)
    __scatterload_null                       0x00002aa7   Thumb Code     2  handlers.o(i.__scatterload_null)
    __scatterload_zeroinit                   0x00002aa9   Thumb Code    14  handlers.o(i.__scatterload_zeroinit)
    free                                     0x00002e15   Thumb Code    80  malloc.o(i.free)
    malloc                                   0x00002e69   Thumb Code    92  malloc.o(i.malloc)
    puts                                     0x00002ed5   Thumb Code    28  puts.o(i.puts)
    __ctype_table                            0x00002ef4   Data         129  ctype_o.o(.constdata)
    Region$$Table$$Base                      0x00003258   Number         0  anon$$obj.o(Region$$Table)
    Region$$Table$$Limit                     0x00003278   Number         0  anon$$obj.o(Region$$Table)
    __stdout                                 0x20000000   Data           4  stdout.o(.data)
    __microlib_freelist                      0x20000004   Data           4  mvars.o(.data)
    __microlib_freelist_initialised          0x20000008   Data           4  mvars.o(.data)
    SystemCoreClock                          0x20000010   Data           4  system_ht32f5xxxx_03.o(.data.SystemCoreClock)
    gBMC81M001_SERIAL                        0x20000014   Data           4  bmc81m001.o(.data.gBMC81M001_SERIAL)
    readDataBuff                             0x20000018   Data          30  main.o(.data.readDataBuff)
    BMC81M001_Response                       0x20000038   Data         200  bmc81m001.o(.bss.BMC81M001_Response)
    OneNetReciveBuff                         0x20000104   Data         200  bmc81m001.o(.bss.OneNetReciveBuff)
    Systick_count                            0x200001cc   Data           4  delay.o(.bss.Systick_count)
    gSPIAPIState                             0x200002e8   Data          64  spi_module.o(.bss.gSPIAPIState)
    gUART_Rx                                 0x20000350   Data          80  uart_module.o(.bss.gUART_Rx)
    gUART_Tx                                 0x200003a0   Data          80  uart_module.o(.bss.gUART_Tx)
    guUART_RxBuffer                          0x200003f0   Data         640  uart_module.o(.bss.guUART_RxBuffer)
    guUART_TxBuffer                          0x20000670   Data         640  uart_module.o(.bss.guUART_TxBuffer)
    resLength                                0x200008f0   Data           4  bmc81m001.o(.bss.resLength)
    uselessBuff                              0x200008f4   Data         200  bmc81m001.o(.bss.uselessBuff)
    __HT_check_heap                          0x200009c0   Data           0  startup_ht32f5xxxx_03.o(HEAP)
    __HT_check_sp                            0x200009c0   Data           0  startup_ht32f5xxxx_03.o(STACK)
    __heap_base                              0x200009c0   Data           0  startup_ht32f5xxxx_03.o(HEAP)
    __heap_limit                             0x200009c0   Data           0  startup_ht32f5xxxx_03.o(HEAP)
    __initial_sp                             0x20000dc0   Data           0  startup_ht32f5xxxx_03.o(STACK)



==============================================================================

Memory Map of the image

  Image Entry point : 0x000000c1

  Load Region LR_1 (Base: 0x00000000, Size: 0x000032b0, Max: 0xffffffff, ABSOLUTE)

    Execution Region ER_RO (Exec base: 0x00000000, Load base: 0x00000000, Size: 0x00003278, Max: 0xffffffff, ABSOLUTE)

    Exec Addr    Load Addr    Size         Type   Attr      Idx    E Section Name        Object

    0x00000000   0x00000000   0x00000164   Code   RO          476  * RESET               startup_ht32f5xxxx_03.o
    0x00000164   0x00000164   0x00000000   Code   RO         1824  * .ARM.Collect$$$$00000000  mc_p.l(entry.o)
    0x00000164   0x00000164   0x00000004   Code   RO         2144    .ARM.Collect$$$$00000001  mc_p.l(entry2.o)
    0x00000168   0x00000168   0x00000004   Code   RO         2147    .ARM.Collect$$$$00000004  mc_p.l(entry5.o)
    0x0000016c   0x0000016c   0x00000000   Code   RO         2149    .ARM.Collect$$$$00000008  mc_p.l(entry7b.o)
    0x0000016c   0x0000016c   0x00000000   Code   RO         2151    .ARM.Collect$$$$0000000A  mc_p.l(entry8b.o)
    0x0000016c   0x0000016c   0x00000008   Code   RO         2152    .ARM.Collect$$$$0000000B  mc_p.l(entry9a.o)
    0x00000174   0x00000174   0x00000000   Code   RO         2154    .ARM.Collect$$$$0000000D  mc_p.l(entry10a.o)
    0x00000174   0x00000174   0x00000000   Code   RO         2156    .ARM.Collect$$$$0000000F  mc_p.l(entry11a.o)
    0x00000174   0x00000174   0x00000004   Code   RO         2145    .ARM.Collect$$$$00002712  mc_p.l(entry2.o)
    0x00000178   0x00000178   0x00000024   Code   RO         1837    .text               mc_p.l(memcpya.o)
    0x0000019c   0x0000019c   0x00000024   Code   RO         1839    .text               mc_p.l(memseta.o)
    0x000001c0   0x000001c0   0x00000028   Code   RO         1841    .text               mc_p.l(strstr.o)
    0x000001e8   0x000001e8   0x00000014   Code   RO         1843    .text               mc_p.l(strchr.o)
    0x000001fc   0x000001fc   0x0000000e   Code   RO         1845    .text               mc_p.l(strlen.o)
    0x0000020a   0x0000020a   0x0000001c   Code   RO         1847    .text               mc_p.l(strcmp.o)
    0x00000226   0x00000226   0x00000020   Code   RO         1849    .text               mc_p.l(strspn.o)
    0x00000246   0x00000246   0x0000001a   Code   RO         2142    .text               mc_p.l(atoi.o)
    0x00000260   0x00000260   0x0000003e   Code   RO         2163    .text               mc_p.l(uidiv_div0.o)
    0x0000029e   0x0000029e   0x00000002   PAD
    0x000002a0   0x000002a0   0x00000070   Code   RO         2180    .text               mc_p.l(strtol.o)
    0x00000310   0x00000310   0x00000030   Code   RO         2193    .text               mc_p.l(init.o)
    0x00000340   0x00000340   0x00000008   Code   RO         2201    .text               mc_p.l(ctype_o.o)
    0x00000348   0x00000348   0x000000a6   Code   RO         2229    .text               mc_p.l(_strtoul.o)
    0x000003ee   0x000003ee   0x0000001e   Code   RO         2235    .text               mc_p.l(_chval.o)
    0x0000040c   0x0000040c   0x0000017c   Code   RO          965    .text.AFIO_GPxConfig  ht32f5xxxx_gpio.o
    0x00000588   0x00000588   0x00000024   Code   RO           58    .text.BMC81M001_Init  bmc81m001.o
    0x000005ac   0x000005ac   0x00000094   Code   RO           66    .text.BMC81M001_connectTCP  bmc81m001.o
    0x00000640   0x00000640   0x000000a8   Code   RO           60    .text.BMC81M001_connectToAP  bmc81m001.o
    0x000006e8   0x000006e8   0x000000b8   Code   RO           76    .text.BMC81M001_readBytes  bmc81m001.o
    0x000007a0   0x000007a0   0x000000d4   Code   RO           72    .text.BMC81M001_readDataTcp  bmc81m001.o
    0x00000874   0x00000874   0x000000a8   Code   RO           62    .text.BMC81M001_sendATCommand  bmc81m001.o
    0x0000091c   0x0000091c   0x000000f4   Code   RO           92    .text.BMC81M001_writeBytes  bmc81m001.o
    0x00000a10   0x00000a10   0x000000b8   Code   RO           68    .text.BMC81M001_writeDataTcp  bmc81m001.o
    0x00000ac8   0x00000ac8   0x00000180   Code   RO          243    .text.BMV31T001_Init  bmv31t001.o
    0x00000c48   0x00000c48   0x00000014   Code   RO          261    .text.BMV31T001_isPlaying  bmv31t001.o
    0x00000c5c   0x00000c5c   0x000000b0   Code   RO          253    .text.BMV31T001_playStop  bmv31t001.o
    0x00000d0c   0x00000d0c   0x000000cc   Code   RO          249    .text.BMV31T001_playVoice  bmv31t001.o
    0x00000dd8   0x00000dd8   0x00000020   Code   RO          269    .text.BMV31T001_setPower  bmv31t001.o
    0x00000df8   0x00000df8   0x0000015c   Code   RO          245    .text.BMV31T001_setVolume  bmv31t001.o
    0x00000f54   0x00000f54   0x00000014   Code   RO          362    .text.Buffer_GetLength  ht32_usbd_class.o
    0x00000f68   0x00000f68   0x0000000c   Code   RO          348    .text.Buffer_Init   ht32_usbd_class.o
    0x00000f74   0x00000f74   0x00000022   Code   RO          350    .text.Buffer_ReadByte  ht32_usbd_class.o
    0x00000f96   0x00000f96   0x00000044   Code   RO          356    .text.Buffer_Write  ht32_usbd_class.o
    0x00000fda   0x00000fda   0x0000002a   Code   RO          352    .text.Buffer_WriteByte  ht32_usbd_class.o
    0x00001004   0x00001004   0x0000000c   Code   RO          358    .text.Buffer_isEmpty  ht32_usbd_class.o
    0x00001010   0x00001010   0x0000009c   Code   RO          699    .text.CKCU_GetPeripFrequency  ht32f5xxxx_ckcu.o
    0x000010ac   0x000010ac   0x00000038   Code   RO          725    .text.CKCU_PeripClockConfig  ht32f5xxxx_ckcu.o
    0x000010e4   0x000010e4   0x00000004   Code   RO          949    .text.GPIO_ClearOutBits  ht32f5xxxx_gpio.o
    0x000010e8   0x000010e8   0x00000014   Code   RO          929    .text.GPIO_DirectionConfig  ht32f5xxxx_gpio.o
    0x000010fc   0x000010fc   0x00000022   Code   RO          931    .text.GPIO_PullResistorConfig  ht32f5xxxx_gpio.o
    0x0000111e   0x0000111e   0x00000050   Code   RO         1679    .text.HT32F_DVB_COMInit  ht32_board.o
    0x0000116e   0x0000116e   0x00000002   PAD
    0x00001170   0x00001170   0x00000020   Code   RO           42    .text.HardFault_Handler  ht32f5xxxx_01_it.o
    0x00001190   0x00001190   0x00000010   Code   RO          146    .text.I2C0_IRQHandler  i2c_master.o
    0x000011a0   0x000011a0   0x0000000a   Code   RO          150    .text.I2C1_IRQHandler  i2c_master.o
    0x000011aa   0x000011aa   0x00000002   PAD
    0x000011ac   0x000011ac   0x00000210   Code   RO          148    .text.I2CMaster_IRQHandler  i2c_master.o
    0x000013bc   0x000013bc   0x00000010   Code   RO          995    .text.I2C_AckCmd    ht32f5xxxx_i2c.o
    0x000013cc   0x000013cc   0x00000004   Code   RO         1011    .text.I2C_ClearFlag  ht32f5xxxx_i2c.o
    0x000013d0   0x000013d0   0x00000012   Code   RO          987    .text.I2C_Cmd       ht32f5xxxx_i2c.o
    0x000013e2   0x000013e2   0x0000000a   Code   RO          989    .text.I2C_GenerateSTOP  ht32f5xxxx_i2c.o
    0x000013ec   0x000013ec   0x0000000a   Code   RO         1007    .text.I2C_GetFlagStatus  ht32f5xxxx_i2c.o
    0x000013f6   0x000013f6   0x00000014   Code   RO          991    .text.I2C_IntConfig  ht32f5xxxx_i2c.o
    0x0000140a   0x0000140a   0x00000016   Code   RO         1005    .text.I2C_ReadRegister  ht32f5xxxx_i2c.o
    0x00001420   0x00001420   0x00000006   Code   RO         1003    .text.I2C_ReceiveData  ht32f5xxxx_i2c.o
    0x00001426   0x00001426   0x00000004   Code   RO         1001    .text.I2C_SendData  ht32f5xxxx_i2c.o
    0x0000142a   0x0000142a   0x00000026   Code   RO          999    .text.I2C_TargetAddressConfig  ht32f5xxxx_i2c.o
    0x00001450   0x00001450   0x00000002   Code   RO           40    .text.NMI_Handler   ht32f5xxxx_01_it.o
    0x00001452   0x00001452   0x00000002   Code   RO           46    .text.PendSV_Handler  ht32f5xxxx_01_it.o
    0x00001454   0x00001454   0x0000000a   Code   RO          230    .text.QSPI_IRQHandler  spi_module.o
    0x0000145e   0x0000145e   0x00000020   Code   RO         1630    .text.RETARGET_Configuration  ht32_retarget.o
    0x0000147e   0x0000147e   0x00000002   PAD
    0x00001480   0x00001480   0x0000002c   Code   RO         1656    .text.SERIAL_PutChar  ht32_serial.o
    0x000014ac   0x000014ac   0x0000000a   Code   RO          224    .text.SPI0_IRQHandler  spi_module.o
    0x000014b6   0x000014b6   0x0000000a   Code   RO          228    .text.SPI1_IRQHandler  spi_module.o
    0x000014c0   0x000014c0   0x00000004   Code   RO         1311    .text.SPI_ClearFlag  ht32f5xxxx_spi.o
    0x000014c4   0x000014c4   0x00000012   Code   RO         1309    .text.SPI_GetFIFOStatus  ht32f5xxxx_spi.o
    0x000014d6   0x000014d6   0x0000000a   Code   RO         1307    .text.SPI_GetFlagStatus  ht32f5xxxx_spi.o
    0x000014e0   0x000014e0   0x00000014   Code   RO         1305    .text.SPI_IntConfig  ht32f5xxxx_spi.o
    0x000014f4   0x000014f4   0x00000006   Code   RO         1301    .text.SPI_ReceiveData  ht32f5xxxx_spi.o
    0x000014fa   0x000014fa   0x00000004   Code   RO         1299    .text.SPI_SendData  ht32f5xxxx_spi.o
    0x000014fe   0x000014fe   0x00000002   Code   RO           44    .text.SVC_Handler   ht32f5xxxx_01_it.o
    0x00001500   0x00001500   0x00000154   Code   RO           16    .text.ScanUnsignedDecimal  main.o
    0x00001654   0x00001654   0x00000010   Code   RO          317    .text.SysTick_Handler  delay.o
    0x00001664   0x00001664   0x0000017c   Code   RO          462    .text.SystemInit    system_ht32f5xxxx_03.o
    0x000017e0   0x000017e0   0x000000d8   Code   RO           10    .text.Time_Regulate  main.o
    0x000018b8   0x000018b8   0x0000000a   Code   RO          189    .text.UART0_UART2_IRQHandler  uart_module.o
    0x000018c2   0x000018c2   0x00000010   Code   RO          191    .text.UART1_UART3_IRQHandler  uart_module.o
    0x000018d2   0x000018d2   0x00000002   PAD
    0x000018d4   0x000018d4   0x00000010   Code   RO          175    .text.UARTM_GetReadBufferLength  uart_module.o
    0x000018e4   0x000018e4   0x000002a8   Code   RO          165    .text.UARTM_Init    uart_module.o
    0x00001b8c   0x00001b8c   0x00000014   Code   RO          171    .text.UARTM_ReadByte  uart_module.o
    0x00001ba0   0x00001ba0   0x00000058   Code   RO          169    .text.UARTM_Write   uart_module.o
    0x00001bf8   0x00001bf8   0x0000000a   Code   RO          183    .text.USART0_IRQHandler  uart_module.o
    0x00001c02   0x00001c02   0x0000000a   Code   RO          187    .text.USART1_IRQHandler  uart_module.o
    0x00001c0c   0x00001c0c   0x00000008   Code   RO         1453    .text.USART_ClearFlag  ht32f5xxxx_usart.o
    0x00001c14   0x00001c14   0x00000014   Code   RO         1475    .text.USART_GetFIFOStatus  ht32f5xxxx_usart.o
    0x00001c28   0x00001c28   0x0000000a   Code   RO         1449    .text.USART_GetFlagStatus  ht32f5xxxx_usart.o
    0x00001c32   0x00001c32   0x0000000a   Code   RO         1451    .text.USART_GetIntStatus  ht32f5xxxx_usart.o
    0x00001c3c   0x00001c3c   0x0000008c   Code   RO         1441    .text.USART_Init    ht32f5xxxx_usart.o
    0x00001cc8   0x00001cc8   0x00000014   Code   RO         1455    .text.USART_IntConfig  ht32f5xxxx_usart.o
    0x00001cdc   0x00001cdc   0x00000010   Code   RO         1471    .text.USART_SetTimeOutValue  ht32f5xxxx_usart.o
    0x00001cec   0x00001cec   0x00000012   Code   RO         1469    .text.USART_TXRXTLConfig  ht32f5xxxx_usart.o
    0x00001cfe   0x00001cfe   0x00000018   Code   RO         1457    .text.USART_TxRxCmd  ht32f5xxxx_usart.o
    0x00001d16   0x00001d16   0x00000002   PAD
    0x00001d18   0x00001d18   0x00000224   Code   RO          226    .text._SPIAPI_IRQHandler  spi_module.o
    0x00001f3c   0x00001f3c   0x000001b8   Code   RO          185    .text._UARTM_IRQHandler  uart_module.o
    0x000020f4   0x000020f4   0x0000013c   Code   RO          321    .text.delay_ms      delay.o
    0x00002230   0x00002230   0x00000034   Code   RO          319    .text.delay_us      delay.o
    0x00002264   0x00002264   0x00000008   Code   RO         1640    .text.fputc         ht32_retarget.o
    0x0000226c   0x0000226c   0x000002e8   Code   RO            2    .text.main          main.o
    0x00002554   0x00002554   0x00000128   Code   RO            8    .text.rtc           main.o
    0x0000267c   0x0000267c   0x000003cc   Code   RO          247    .text.writeCmd      bmv31t001.o
    0x00002a48   0x00002a48   0x00000020   Code   RO         2008    i.__0printf$6       mc_p.l(printf6.o)
    0x00002a68   0x00002a68   0x00000028   Code   RO         2010    i.__0sprintf$6      mc_p.l(printf6.o)
    0x00002a90   0x00002a90   0x00000008   Code   RO         2173    i.__aeabi_errno_addr  mc_p.l(errno.o)
    0x00002a98   0x00002a98   0x0000000e   Code   RO         2239    i.__scatterload_copy  mc_p.l(handlers.o)
    0x00002aa6   0x00002aa6   0x00000002   Code   RO         2240    i.__scatterload_null  mc_p.l(handlers.o)
    0x00002aa8   0x00002aa8   0x0000000e   Code   RO         2241    i.__scatterload_zeroinit  mc_p.l(handlers.o)
    0x00002ab6   0x00002ab6   0x00000002   PAD
    0x00002ab8   0x00002ab8   0x00000304   Code   RO         2015    i._printf_core      mc_p.l(printf6.o)
    0x00002dbc   0x00002dbc   0x00000020   Code   RO         2016    i._printf_post_padding  mc_p.l(printf6.o)
    0x00002ddc   0x00002ddc   0x0000002c   Code   RO         2017    i._printf_pre_padding  mc_p.l(printf6.o)
    0x00002e08   0x00002e08   0x0000000a   Code   RO         2019    i._sputc            mc_p.l(printf6.o)
    0x00002e12   0x00002e12   0x00000002   PAD
    0x00002e14   0x00002e14   0x00000054   Code   RO         2114    i.free              mc_p.l(malloc.o)
    0x00002e68   0x00002e68   0x0000006c   Code   RO         2115    i.malloc            mc_p.l(malloc.o)
    0x00002ed4   0x00002ed4   0x00000020   Code   RO         1827    i.puts              mc_p.l(puts.o)
    0x00002ef4   0x00002ef4   0x00000081   Data   RO         2202    .constdata          mc_p.l(ctype_o.o)
    0x00002f75   0x00002f75   0x00000003   PAD
    0x00002f78   0x00002f78   0x00000004   Data   RO         2203    .constdata          mc_p.l(ctype_o.o)
    0x00002f7c   0x00002f7c   0x000000c8   Data   RO          102    .rodata..L__const.BMC81M001_connectTCP.cmd  bmc81m001.o
    0x00003044   0x00003044   0x000000c8   Data   RO          100    .rodata..L__const.BMC81M001_connectToAP.cmd  bmc81m001.o
    0x0000310c   0x0000310c   0x000000c8   Data   RO          103    .rodata..L__const.BMC81M001_writeDataTcp.cmd  bmc81m001.o
    0x000031d4   0x000031d4   0x0000006e   Data   RO           26    .rodata.str1.1      main.o
    0x00003242   0x00003242   0x00000014   Data   RO          101    .rodata.str1.1      bmc81m001.o
    0x00003256   0x00003256   0x00000002   PAD
    0x00003258   0x00003258   0x00000020   Data   RO         2238    Region$$Table       anon$$obj.o


    Execution Region ER_RW (Exec base: 0x20000000, Load base: 0x00003278, Size: 0x00000038, Max: 0xffffffff, ABSOLUTE)

    Exec Addr    Load Addr    Size         Type   Attr      Idx    E Section Name        Object

    0x20000000   0x00003278   0x00000004   Data   RW         2158    .data               mc_p.l(stdout.o)
    0x20000004   0x0000327c   0x00000004   Data   RW         2171    .data               mc_p.l(mvars.o)
    0x20000008   0x00003280   0x00000004   Data   RW         2172    .data               mc_p.l(mvars.o)
    0x2000000c   0x00003284   0x00000004   Data   RW         2176    .data               mc_p.l(errno.o)
    0x20000010   0x00003288   0x00000004   Data   RW          466    .data.SystemCoreClock  system_ht32f5xxxx_03.o
    0x20000014   0x0000328c   0x00000004   Data   RW           98    .data.gBMC81M001_SERIAL  bmc81m001.o
    0x20000018   0x00003290   0x0000001e   Data   RW           19    .data.readDataBuff  main.o


    Execution Region ER_ZI (Exec base: 0x20000038, Load base: 0x000032b0, Size: 0x00000d88, Max: 0xffffffff, ABSOLUTE)

    Exec Addr    Load Addr    Size         Type   Attr      Idx    E Section Name        Object

    0x20000038        -       0x000000c8   Zero   RW          104    .bss.BMC81M001_Response  bmc81m001.o
    0x20000100        -       0x00000004   Zero   RW           48    .bss.HardFault_Handler.gIsContinue  ht32f5xxxx_01_it.o
    0x20000104        -       0x000000c8   Zero   RW          112    .bss.OneNetReciveBuff  bmc81m001.o
    0x200001cc        -       0x00000004   Zero   RW          339    .bss.Systick_count  delay.o
    0x200001d0        -       0x00000004   Zero   RW          289    .bss._flashAddr     bmv31t001.o
    0x200001d4        -       0x00000001   Zero   RW          288    .bss._isKey         bmv31t001.o
    0x200001d5        -       0x00000001   Zero   RW          287    .bss._keyValue      bmv31t001.o
    0x200001d6   0x000032b0   0x00000002   PAD
    0x200001d8        -       0x00000110   Zero   RW          156    .bss.gI2CMasterState  i2c_master.o
    0x200002e8        -       0x00000040   Zero   RW          232    .bss.gSPIAPIState   spi_module.o
    0x20000328        -       0x00000028   Zero   RW          193    .bss.gUARTModuleState  uart_module.o
    0x20000350        -       0x00000050   Zero   RW          196    .bss.gUART_Rx       uart_module.o
    0x200003a0        -       0x00000050   Zero   RW          194    .bss.gUART_Tx       uart_module.o
    0x200003f0        -       0x00000280   Zero   RW          197    .bss.guUART_RxBuffer  uart_module.o
    0x20000670        -       0x00000280   Zero   RW          195    .bss.guUART_TxBuffer  uart_module.o
    0x200008f0        -       0x00000004   Zero   RW           99    .bss.resLength      bmc81m001.o
    0x200008f4        -       0x000000c8   Zero   RW          113    .bss.uselessBuff    bmc81m001.o
    0x200009bc   0x000032b0   0x00000004   PAD
    0x200009c0        -       0x00000000   Zero   RW          475    HEAP                startup_ht32f5xxxx_03.o
    0x200009c0        -       0x00000400   Zero   RW          474    STACK               startup_ht32f5xxxx_03.o


==============================================================================

Image component sizes


      Code (inc. data)   RO Data    RW Data    ZI Data      Debug   Object Name

      1344         88        620          4        604      19412   bmc81m001.o
      2136         36          0          0          6      21092   bmv31t001.o
       384         12          0          0          4       5255   delay.o
        80          0          0          0          0      12195   ht32_board.o
        40          0          0          0          0       3379   ht32_retarget.o
        44          4          0          0          0       1310   ht32_serial.o
       188          0          0          0          0      11460   ht32_usbd_class.o
        38          4          0          0          4        924   ht32f5xxxx_01_it.o
       212         20          0          0          0      17757   ht32f5xxxx_ckcu.o
       438          4          0          0          0      11492   ht32f5xxxx_gpio.o
       148          0          0          0          0       8968   ht32f5xxxx_i2c.o
        62          0          0          0          0       8231   ht32f5xxxx_spi.o
       266         28          0          0          0      10338   ht32f5xxxx_usart.o
       554         32          0          0        272      10800   i2c_master.o
      1596        408        110         30          0      10630   main.o
       578          4          0          0         64      10665   spi_module.o
       356        238          0          0       1024        752   startup_ht32f5xxxx_03.o
       380         16          0          4          0       3203   system_ht32f5xxxx_03.o
      1290         54          0          0       1480      10272   uart_module.o

    ----------------------------------------------------------------------
     10144        948        764         40       3464     178135   Object Totals
         0          0         32          0          0          0   (incl. Generated)
        10          0          2          2          6          0   (incl. Padding)

    ----------------------------------------------------------------------

      Code (inc. data)   RO Data    RW Data    ZI Data      Debug   Library Member Name

        30          0          0          0          0         60   _chval.o
       166          0          0          0          0         84   _strtoul.o
        26          0          0          0          0         72   atoi.o
         8          4        133          0          0         60   ctype_o.o
         0          0          0          0          0          0   entry.o
         0          0          0          0          0          0   entry10a.o
         0          0          0          0          0          0   entry11a.o
         8          4          0          0          0          0   entry2.o
         4          0          0          0          0          0   entry5.o
         0          0          0          0          0          0   entry7b.o
         0          0          0          0          0          0   entry8b.o
         8          4          0          0          0          0   entry9a.o
         8          4          0          4          0         60   errno.o
        30          0          0          0          0          0   handlers.o
        48         10          0          0          0         68   init.o
       192         20          0          0          0        144   malloc.o
        36          0          0          0          0         60   memcpya.o
        36          0          0          0          0        100   memseta.o
         0          0          0          8          0          0   mvars.o
       930         16          0          0          0        468   printf6.o
        32          4          0          0          0         68   puts.o
         0          0          0          4          0          0   stdout.o
        20          0          0          0          0         60   strchr.o
        28          0          0          0          0         68   strcmp.o
        14          0          0          0          0         60   strlen.o
        32          0          0          0          0         72   strspn.o
        40          0          0          0          0         72   strstr.o
       112          4          0          0          0         76   strtol.o
        62          0          0          0          0         72   uidiv_div0.o

    ----------------------------------------------------------------------
      1876         70        136         16          0       1724   Library Totals
         6          0          3          0          0          0   (incl. Padding)

    ----------------------------------------------------------------------

      Code (inc. data)   RO Data    RW Data    ZI Data      Debug   Library Name

      1870         70        133         16          0       1724   mc_p.l

    ----------------------------------------------------------------------
      1876         70        136         16          0       1724   Library Totals

    ----------------------------------------------------------------------

==============================================================================


      Code (inc. data)   RO Data    RW Data    ZI Data      Debug   

     12020       1018        900         56       3464     178835   Grand Totals
     12020       1018        900         56       3464     178835   ELF Image Totals
     12020       1018        900         56          0          0   ROM Totals

==============================================================================

    Total RO  Size (Code + RO Data)                12920 (  12.62kB)
    Total RW  Size (RW Data + ZI Data)              3520 (   3.44kB)
    Total ROM Size (Code + RO Data + RW Data)      12976 (  12.67kB)

==============================================================================

